http_interactions:
- request:
    method: get
    uri: https://api.gbif.org/v1/occurrence/counts/countries
    body:
      encoding: ''
      string: ''
    headers:
      Accept-Encoding: gzip, deflate
      Accept: application/json, text/xml, application/xml, */*
  response:
    status:
      status_code: '200'
      message: OK
      explanation: Request fulfilled, document follows
    headers:
      status: HTTP/1.1 200 OK
      content-type: application/json
    body:
      encoding: ''
      file: no
      string: '{"UNITED_STATES":821654822,"FRANCE":136219061,"CANADA":134148390,"SWEDEN":120309314,"AUSTRALIA":115216995,"UNITED_KINGDOM":111524074,"NETHERLANDS":87892381,"SPAIN":56122383,"DENMARK":50811454,"GERMANY":50145044,"NORWAY":49264667,"FINLAND":38094500,"BELGIUM":35195766,"SOUTH_AFRICA":34350580,"INDIA":32295464,"MEXICO":26650757,"BRAZIL":24936863,"COSTA_RICA":21132220,"COLOMBIA":20819919,"SWITZERLAND":19136408,"PORTUGAL":17608291,"TAIWAN":15400892,"NEW_ZEALAND":11383041,"JAPAN":11145713,"RUSSIAN_FEDERATION":10619039,"ARGENTINA":10145856,"CHINA":9601749,"AUSTRIA":8561237,"ESTONIA":7632465,"ECUADOR":7541883,"PERU":6935258,"POLAND":6711206,"KOREA_SOUTH":6367213,"ITALY":5868181,"PANAMA":5772906,"CHILE":5152670,"BELIZE":5111647,"ISRAEL":4202559,"THAILAND":4025939,"GUATEMALA":3534929,"IRELAND":3505176,"KENYA":3424920,"INDONESIA":3223178,"VENEZUELA":3092702,"PUERTO_RICO":3037373,"ANTARCTICA":2967591,"LUXEMBOURG":2857430,"HONDURAS":2797380,"MALAYSIA":2692931,"TURKEY":2675292,"CZECH_REPUBLIC":2572610,"GREECE":2314697,"PHILIPPINES":2161662,"UKRAINE":2096050,"TANZANIA":1949321,"NAMIBIA":1895500,"ICELAND":1890604,"PAPUA_NEW_GUINEA":1805876,"UNKNOWN":1751944,"BOLIVIA":1645045,"MADAGASCAR":1626637,"CUBA":1585092,"ALAND_ISLANDS":1513199,"NICARAGUA":1457876,"UNITED_ARAB_EMIRATES":1456302,"UGANDA":1429473,"SRI_LANKA":1360812,"PARAGUAY":1223418,"CONGO_DEMOCRATIC_REPUBLIC":1179122,"HONG_KONG":1173421,"MOROCCO":1172270,"ISLE_OF_MAN":1148616,"ZIMBABWE":1128953,"URUGUAY":1072281,"BENIN":1071916,"SINGAPORE":1061393,"HUNGARY":1025567,"LITHUANIA":1017101,"GEORGIA":960154,"TRINIDAD_TOBAGO":953491,"EL_SALVADOR":945974,"BAHAMAS":932752,"BULGARIA":927593,"NEPAL":889082,"ETHIOPIA":886128,"NEW_CALEDONIA":856868,"BOTSWANA":834670,"VIRGIN_ISLANDS":817225,"FRENCH_GUIANA":800814,"IRAN":798287,"RÉUNION":783118,"ROMANIA":778786,"VIETNAM":759653,"GUYANA":735558,"JAMAICA":729369,"MOZAMBIQUE":724851,"AFGHANISTAN":711316,"CAMEROON":708161,"NIGERIA":707705,"SLOVENIA":699304,"GHANA":687904,"CAMBODIA":686209,"DOMINICAN_REPUBLIC":681802,"CROATIA":674509,"GREENLAND":642298,"SLOVAKIA":619486,"SVALBARD_JAN_MAYEN":615752,"ZAMBIA":615258,"GUADELOUPE":613242,"SERBIA":601113,"BERMUDA":575563,"SENEGAL":564428,"FRENCH_POLYNESIA":545531,"PAKISTAN":533168,"SURINAME":511260,"LATVIA":507932,"MONGOLIA":499463,"GABON":484642,"EGYPT":473864,"BANGLADESH":430941,"SAUDI_ARABIA":430720,"GAMBIA":427670,"CÔTE_DIVOIRE":426229,"AMERICAN_SAMOA":413891,"OMAN":386919,"MYANMAR":370286,"BHUTAN":365779,"KAZAKHSTAN":344281,"BELARUS":341876,"SOUTH_GEORGIA_SANDWICH_ISLANDS":341314,"SWAZILAND":337355,"MALAWI":333331,"FIJI":327223,"CYPRUS":306780,"ANGOLA":301102,"UNITED_STATES_OUTLYING_ISLANDS":297185,"ALGERIA":293371,"FAROE_ISLANDS":292396,"KUWAIT":277455,"PALESTINIAN_TERRITORY":276934,"CURAÇAO":274571,"HAITI":257605,"RWANDA":255177,"BURKINA_FASO":246289,"FRENCH_SOUTHERN_TERRITORIES":244579,"NORTHERN_MARIANA_ISLANDS":240551,"CAYMAN_ISLANDS":235852,"SEYCHELLES":234741,"LAO":232666,"AZERBAIJAN":231275,"SOLOMON_ISLANDS":225176,"ANGUILLA":225152,"MICRONESIA":222073,"TUNISIA":220444,"PALAU":204546,"GUINEA":199943,"ARUBA":196784,"BONAIRE_SINT_EUSTATIUS_SABA":193486,"HEARD_MCDONALD_ISLANDS":190016,"MARTINIQUE":187851,"VANUATU":185635,"ARMENIA":180421,"FALKLAND_ISLANDS":176720,"KYRGYZSTAN":173320,"KIRIBATI":172921,"LIBERIA":163782,"GUAM":159889,"TONGA":155884,"SUDAN":155238,"MARSHALL_ISLANDS":152110,"ANDORRA":147771,"MALI":144641,"CAPE_VERDE":143371,"BARBADOS":140528,"WESTERN_SAHARA":138536,"MAURITANIA":137046,"SYRIA":136430,"CONGO":129090,"MAURITIUS":124702,"LESOTHO":119916,"TOGO":119690,"LEBANON":113517,"YEMEN":112550,"CENTRAL_AFRICAN_REPUBLIC":111062,"QATAR":108741,"UZBEKISTAN":105069,"MACEDONIA":104005,"DOMINICA":102752,"IRAQ":100222,"BURUNDI":99788,"EQUATORIAL_GUINEA":99575,"NIGER":98307,"GRENADA":97258,"MOLDOVA":97137,"SIERRA_LEONE":95577,"JORDAN":92340,"MALDIVES":85498,"NIUE":81944,"MONTENEGRO":81685,"TAJIKISTAN":77982,"TIMOR_LESTE":75180,"CHAD":73315,"JERSEY":72655,"ALBANIA":71476,"SAMOA":71260,"BOSNIA_HERZEGOVINA":71063,"SAINT_LUCIA":69765,"VIRGIN_ISLANDS_BRITISH":69257,"MAYOTTE":67710,"SAINT_MARTIN_FRENCH":67294,"SOMALIA":65556,"NORFOLK_ISLAND":62935,"ANTIGUA_BARBUDA":62643,"TOKELAU":62567,"GUINEA_BISSAU":62102,"LIECHTENSTEIN":62013,"COOK_ISLANDS":61758,"MALTA":61367,"GUERNSEY":59210,"LIBYA":58676,"KOREA_NORTH":56655,"TURKS_CAICOS_ISLANDS":54066,"SAO_TOME_PRINCIPE":53508,"SAINT_PIERRE_MIQUELON":51086,"BRUNEI_DARUSSALAM":48463,"WALLIS_FUTUNA":48251,"TURKMENISTAN":47774,"SAINT_VINCENT_GRENADINES":46033,"MONTSERRAT":42228,"COMOROS":40685,"CHRISTMAS_ISLAND":37661,"SAINT_HELENA_ASCENSION_TRISTAN_DA_CUNHA":36068,"SAINT_KITTS_NEVIS":34534,"DJIBOUTI":32844,"BRITISH_INDIAN_OCEAN_TERRITORY":32568,"SINT_MAARTEN":32061,"ERITREA":26785,"KOSOVO":26473,"SOUTH_SUDAN":23724,"PITCAIRN":22072,"COCOS_ISLANDS":17653,"SAINT_BARTHÉLEMY":17459,"BAHRAIN":16546,"MACAO":14031,"GIBRALTAR":13895,"BOUVET_ISLAND":13278,"TUVALU":9901,"NAURU":5306,"MONACO":5068,"SAN_MARINO":2228,"VATICAN":1961,"INTERNATIONAL_WATERS":774}'
  recorded_at: 2023-03-06 13:39:02 GMT
  recorded_with: vcr/1.2.0, webmockr/0.8.2
- request:
    method: get
    uri: https://api.gbif.org/v1/enumeration/country/
    body:
      encoding: ''
      string: ''
    headers:
      Accept-Encoding: gzip, deflate
      Accept: application/json, text/xml, application/xml, */*
  response:
    status:
      status_code: '200'
      message: OK
      explanation: Request fulfilled, document follows
    headers:
      status: HTTP/1.1 200 OK
      content-type: application/json
    body:
      encoding: ''
      file: no
      string: '[{"iso2":"AF","iso3":"AFG","isoNumerical":"4","title":"Afghanistan","gbifRegion":"ASIA","enumName":"AFGHANISTAN"},{"iso2":"AX","iso3":"ALA","isoNumerical":"248","title":"Åland
        Islands","gbifRegion":"EUROPE","enumName":"ALAND_ISLANDS"},{"iso2":"AL","iso3":"ALB","isoNumerical":"8","title":"Albania","gbifRegion":"EUROPE","enumName":"ALBANIA"},{"iso2":"DZ","iso3":"DZA","isoNumerical":"12","title":"Algeria","gbifRegion":"AFRICA","enumName":"ALGERIA"},{"iso2":"AS","iso3":"ASM","isoNumerical":"16","title":"American
        Samoa","gbifRegion":"OCEANIA","enumName":"AMERICAN_SAMOA"},{"iso2":"AD","iso3":"AND","isoNumerical":"20","title":"Andorra","gbifRegion":"EUROPE","enumName":"ANDORRA"},{"iso2":"AO","iso3":"AGO","isoNumerical":"24","title":"Angola","gbifRegion":"AFRICA","enumName":"ANGOLA"},{"iso2":"AI","iso3":"AIA","isoNumerical":"660","title":"Anguilla","gbifRegion":"LATIN_AMERICA","enumName":"ANGUILLA"},{"iso2":"AQ","iso3":"ATA","isoNumerical":"10","title":"Antarctica","gbifRegion":"ANTARCTICA","enumName":"ANTARCTICA"},{"iso2":"AG","iso3":"ATG","isoNumerical":"28","title":"Antigua
        and Barbuda","gbifRegion":"LATIN_AMERICA","enumName":"ANTIGUA_BARBUDA"},{"iso2":"AR","iso3":"ARG","isoNumerical":"32","title":"Argentina","gbifRegion":"LATIN_AMERICA","enumName":"ARGENTINA"},{"iso2":"AM","iso3":"ARM","isoNumerical":"51","title":"Armenia","gbifRegion":"EUROPE","enumName":"ARMENIA"},{"iso2":"AW","iso3":"ABW","isoNumerical":"533","title":"Aruba","gbifRegion":"LATIN_AMERICA","enumName":"ARUBA"},{"iso2":"AU","iso3":"AUS","isoNumerical":"36","title":"Australia","gbifRegion":"OCEANIA","enumName":"AUSTRALIA"},{"iso2":"AT","iso3":"AUT","isoNumerical":"40","title":"Austria","gbifRegion":"EUROPE","enumName":"AUSTRIA"},{"iso2":"AZ","iso3":"AZE","isoNumerical":"31","title":"Azerbaijan","gbifRegion":"EUROPE","enumName":"AZERBAIJAN"},{"iso2":"BS","iso3":"BHS","isoNumerical":"44","title":"Bahamas","gbifRegion":"LATIN_AMERICA","enumName":"BAHAMAS"},{"iso2":"BH","iso3":"BHR","isoNumerical":"48","title":"Bahrain","gbifRegion":"ASIA","enumName":"BAHRAIN"},{"iso2":"BD","iso3":"BGD","isoNumerical":"50","title":"Bangladesh","gbifRegion":"ASIA","enumName":"BANGLADESH"},{"iso2":"BB","iso3":"BRB","isoNumerical":"52","title":"Barbados","gbifRegion":"LATIN_AMERICA","enumName":"BARBADOS"},{"iso2":"BY","iso3":"BLR","isoNumerical":"112","title":"Belarus","gbifRegion":"EUROPE","enumName":"BELARUS"},{"iso2":"BE","iso3":"BEL","isoNumerical":"56","title":"Belgium","gbifRegion":"EUROPE","enumName":"BELGIUM"},{"iso2":"BZ","iso3":"BLZ","isoNumerical":"84","title":"Belize","gbifRegion":"LATIN_AMERICA","enumName":"BELIZE"},{"iso2":"BJ","iso3":"BEN","isoNumerical":"204","title":"Benin","gbifRegion":"AFRICA","enumName":"BENIN"},{"iso2":"BM","iso3":"BMU","isoNumerical":"60","title":"Bermuda","gbifRegion":"LATIN_AMERICA","enumName":"BERMUDA"},{"iso2":"BT","iso3":"BTN","isoNumerical":"64","title":"Bhutan","gbifRegion":"ASIA","enumName":"BHUTAN"},{"iso2":"BO","iso3":"BOL","isoNumerical":"68","title":"Bolivia
        (Plurinational State of)","gbifRegion":"LATIN_AMERICA","enumName":"BOLIVIA"},{"iso2":"BQ","iso3":"BES","isoNumerical":"535","title":"Bonaire,
        Sint Eustatius and Saba","gbifRegion":"LATIN_AMERICA","enumName":"BONAIRE_SINT_EUSTATIUS_SABA"},{"iso2":"BA","iso3":"BIH","isoNumerical":"70","title":"Bosnia
        and Herzegovina","gbifRegion":"EUROPE","enumName":"BOSNIA_HERZEGOVINA"},{"iso2":"BW","iso3":"BWA","isoNumerical":"72","title":"Botswana","gbifRegion":"AFRICA","enumName":"BOTSWANA"},{"iso2":"BV","iso3":"BVT","isoNumerical":"74","title":"Bouvet
        Island","gbifRegion":"ANTARCTICA","enumName":"BOUVET_ISLAND"},{"iso2":"BR","iso3":"BRA","isoNumerical":"76","title":"Brazil","gbifRegion":"LATIN_AMERICA","enumName":"BRAZIL"},{"iso2":"IO","iso3":"IOT","isoNumerical":"86","title":"British
        Indian Ocean Territory","gbifRegion":"ASIA","enumName":"BRITISH_INDIAN_OCEAN_TERRITORY"},{"iso2":"BN","iso3":"BRN","isoNumerical":"96","title":"Brunei
        Darussalam","gbifRegion":"ASIA","enumName":"BRUNEI_DARUSSALAM"},{"iso2":"BG","iso3":"BGR","isoNumerical":"100","title":"Bulgaria","gbifRegion":"EUROPE","enumName":"BULGARIA"},{"iso2":"BF","iso3":"BFA","isoNumerical":"854","title":"Burkina
        Faso","gbifRegion":"AFRICA","enumName":"BURKINA_FASO"},{"iso2":"BI","iso3":"BDI","isoNumerical":"108","title":"Burundi","gbifRegion":"AFRICA","enumName":"BURUNDI"},{"iso2":"KH","iso3":"KHM","isoNumerical":"116","title":"Cambodia","gbifRegion":"ASIA","enumName":"CAMBODIA"},{"iso2":"CM","iso3":"CMR","isoNumerical":"120","title":"Cameroon","gbifRegion":"AFRICA","enumName":"CAMEROON"},{"iso2":"CA","iso3":"CAN","isoNumerical":"124","title":"Canada","gbifRegion":"NORTH_AMERICA","enumName":"CANADA"},{"iso2":"CV","iso3":"CPV","isoNumerical":"132","title":"Cabo
        Verde","gbifRegion":"AFRICA","enumName":"CAPE_VERDE"},{"iso2":"KY","iso3":"CYM","isoNumerical":"136","title":"Cayman
        Islands","gbifRegion":"LATIN_AMERICA","enumName":"CAYMAN_ISLANDS"},{"iso2":"CF","iso3":"CAF","isoNumerical":"140","title":"Central
        African Republic","gbifRegion":"AFRICA","enumName":"CENTRAL_AFRICAN_REPUBLIC"},{"iso2":"TD","iso3":"TCD","isoNumerical":"148","title":"Chad","gbifRegion":"AFRICA","enumName":"CHAD"},{"iso2":"CL","iso3":"CHL","isoNumerical":"152","title":"Chile","gbifRegion":"LATIN_AMERICA","enumName":"CHILE"},{"iso2":"CN","iso3":"CHN","isoNumerical":"156","title":"China","gbifRegion":"ASIA","enumName":"CHINA"},{"iso2":"CX","iso3":"CXR","isoNumerical":"162","title":"Christmas
        Island","gbifRegion":"ASIA","enumName":"CHRISTMAS_ISLAND"},{"iso2":"CC","iso3":"CCK","isoNumerical":"166","title":"Cocos
        (Keeling) Islands","gbifRegion":"ASIA","enumName":"COCOS_ISLANDS"},{"iso2":"CO","iso3":"COL","isoNumerical":"170","title":"Colombia","gbifRegion":"LATIN_AMERICA","enumName":"COLOMBIA"},{"iso2":"KM","iso3":"COM","isoNumerical":"174","title":"Comoros","gbifRegion":"AFRICA","enumName":"COMOROS"},{"iso2":"CD","iso3":"COD","isoNumerical":"180","title":"Congo,
        Democratic Republic of the","gbifRegion":"AFRICA","enumName":"CONGO_DEMOCRATIC_REPUBLIC"},{"iso2":"CG","iso3":"COG","isoNumerical":"178","title":"Congo","gbifRegion":"AFRICA","enumName":"CONGO"},{"iso2":"CK","iso3":"COK","isoNumerical":"184","title":"Cook
        Islands","gbifRegion":"OCEANIA","enumName":"COOK_ISLANDS"},{"iso2":"CR","iso3":"CRI","isoNumerical":"188","title":"Costa
        Rica","gbifRegion":"LATIN_AMERICA","enumName":"COSTA_RICA"},{"iso2":"CI","iso3":"CIV","isoNumerical":"384","title":"Côte
        d’Ivoire","gbifRegion":"AFRICA","enumName":"CÔTE_DIVOIRE"},{"iso2":"HR","iso3":"HRV","isoNumerical":"191","title":"Croatia","gbifRegion":"EUROPE","enumName":"CROATIA"},{"iso2":"CU","iso3":"CUB","isoNumerical":"192","title":"Cuba","gbifRegion":"LATIN_AMERICA","enumName":"CUBA"},{"iso2":"CW","iso3":"CUW","isoNumerical":"531","title":"Curaçao","gbifRegion":"LATIN_AMERICA","enumName":"CURAÇAO"},{"iso2":"CY","iso3":"CYP","isoNumerical":"196","title":"Cyprus","gbifRegion":"EUROPE","enumName":"CYPRUS"},{"iso2":"CZ","iso3":"CZE","isoNumerical":"203","title":"Czechia","gbifRegion":"EUROPE","enumName":"CZECH_REPUBLIC"},{"iso2":"DK","iso3":"DNK","isoNumerical":"208","title":"Denmark","gbifRegion":"EUROPE","enumName":"DENMARK"},{"iso2":"DJ","iso3":"DJI","isoNumerical":"262","title":"Djibouti","gbifRegion":"AFRICA","enumName":"DJIBOUTI"},{"iso2":"DM","iso3":"DMA","isoNumerical":"212","title":"Dominica","gbifRegion":"LATIN_AMERICA","enumName":"DOMINICA"},{"iso2":"DO","iso3":"DOM","isoNumerical":"214","title":"Dominican
        Republic","gbifRegion":"LATIN_AMERICA","enumName":"DOMINICAN_REPUBLIC"},{"iso2":"EC","iso3":"ECU","isoNumerical":"218","title":"Ecuador","gbifRegion":"LATIN_AMERICA","enumName":"ECUADOR"},{"iso2":"EG","iso3":"EGY","isoNumerical":"818","title":"Egypt","gbifRegion":"AFRICA","enumName":"EGYPT"},{"iso2":"SV","iso3":"SLV","isoNumerical":"222","title":"El
        Salvador","gbifRegion":"LATIN_AMERICA","enumName":"EL_SALVADOR"},{"iso2":"GQ","iso3":"GNQ","isoNumerical":"226","title":"Equatorial
        Guinea","gbifRegion":"AFRICA","enumName":"EQUATORIAL_GUINEA"},{"iso2":"ER","iso3":"ERI","isoNumerical":"232","title":"Eritrea","gbifRegion":"AFRICA","enumName":"ERITREA"},{"iso2":"EE","iso3":"EST","isoNumerical":"233","title":"Estonia","gbifRegion":"EUROPE","enumName":"ESTONIA"},{"iso2":"ET","iso3":"ETH","isoNumerical":"231","title":"Ethiopia","gbifRegion":"AFRICA","enumName":"ETHIOPIA"},{"iso2":"FK","iso3":"FLK","isoNumerical":"238","title":"Falkland
        Islands (Malvinas)","gbifRegion":"LATIN_AMERICA","enumName":"FALKLAND_ISLANDS"},{"iso2":"FO","iso3":"FRO","isoNumerical":"234","title":"Faroe
        Islands","gbifRegion":"EUROPE","enumName":"FAROE_ISLANDS"},{"iso2":"FJ","iso3":"FJI","isoNumerical":"242","title":"Fiji","gbifRegion":"OCEANIA","enumName":"FIJI"},{"iso2":"FI","iso3":"FIN","isoNumerical":"246","title":"Finland","gbifRegion":"EUROPE","enumName":"FINLAND"},{"iso2":"FR","iso3":"FRA","isoNumerical":"250","title":"France","gbifRegion":"EUROPE","enumName":"FRANCE"},{"iso2":"GF","iso3":"GUF","isoNumerical":"254","title":"French
        Guiana","gbifRegion":"LATIN_AMERICA","enumName":"FRENCH_GUIANA"},{"iso2":"PF","iso3":"PYF","isoNumerical":"258","title":"French
        Polynesia","gbifRegion":"OCEANIA","enumName":"FRENCH_POLYNESIA"},{"iso2":"TF","iso3":"ATF","isoNumerical":"260","title":"French
        Southern Territories","gbifRegion":"ANTARCTICA","enumName":"FRENCH_SOUTHERN_TERRITORIES"},{"iso2":"GA","iso3":"GAB","isoNumerical":"266","title":"Gabon","gbifRegion":"AFRICA","enumName":"GABON"},{"iso2":"GM","iso3":"GMB","isoNumerical":"270","title":"Gambia","gbifRegion":"AFRICA","enumName":"GAMBIA"},{"iso2":"GE","iso3":"GEO","isoNumerical":"268","title":"Georgia","gbifRegion":"EUROPE","enumName":"GEORGIA"},{"iso2":"DE","iso3":"DEU","isoNumerical":"276","title":"Germany","gbifRegion":"EUROPE","enumName":"GERMANY"},{"iso2":"GH","iso3":"GHA","isoNumerical":"288","title":"Ghana","gbifRegion":"AFRICA","enumName":"GHANA"},{"iso2":"GI","iso3":"GIB","isoNumerical":"292","title":"Gibraltar","gbifRegion":"EUROPE","enumName":"GIBRALTAR"},{"iso2":"GR","iso3":"GRC","isoNumerical":"300","title":"Greece","gbifRegion":"EUROPE","enumName":"GREECE"},{"iso2":"GL","iso3":"GRL","isoNumerical":"304","title":"Greenland","gbifRegion":"NORTH_AMERICA","enumName":"GREENLAND"},{"iso2":"GD","iso3":"GRD","isoNumerical":"308","title":"Grenada","gbifRegion":"LATIN_AMERICA","enumName":"GRENADA"},{"iso2":"GP","iso3":"GLP","isoNumerical":"312","title":"Guadeloupe","gbifRegion":"LATIN_AMERICA","enumName":"GUADELOUPE"},{"iso2":"GU","iso3":"GUM","isoNumerical":"316","title":"Guam","gbifRegion":"OCEANIA","enumName":"GUAM"},{"iso2":"GT","iso3":"GTM","isoNumerical":"320","title":"Guatemala","gbifRegion":"LATIN_AMERICA","enumName":"GUATEMALA"},{"iso2":"GG","iso3":"GGY","isoNumerical":"831","title":"Guernsey","gbifRegion":"EUROPE","enumName":"GUERNSEY"},{"iso2":"GN","iso3":"GIN","isoNumerical":"324","title":"Guinea","gbifRegion":"AFRICA","enumName":"GUINEA"},{"iso2":"GW","iso3":"GNB","isoNumerical":"624","title":"Guinea-Bissau","gbifRegion":"AFRICA","enumName":"GUINEA_BISSAU"},{"iso2":"GY","iso3":"GUY","isoNumerical":"328","title":"Guyana","gbifRegion":"LATIN_AMERICA","enumName":"GUYANA"},{"iso2":"HT","iso3":"HTI","isoNumerical":"332","title":"Haiti","gbifRegion":"LATIN_AMERICA","enumName":"HAITI"},{"iso2":"HM","iso3":"HMD","isoNumerical":"334","title":"Heard
        Island and McDonald Islands","gbifRegion":"ANTARCTICA","enumName":"HEARD_MCDONALD_ISLANDS"},{"iso2":"VA","iso3":"VAT","isoNumerical":"336","title":"Holy
        See","gbifRegion":"EUROPE","enumName":"VATICAN"},{"iso2":"HN","iso3":"HND","isoNumerical":"340","title":"Honduras","gbifRegion":"LATIN_AMERICA","enumName":"HONDURAS"},{"iso2":"HK","iso3":"HKG","isoNumerical":"344","title":"Hong
        Kong","gbifRegion":"ASIA","enumName":"HONG_KONG"},{"iso2":"HU","iso3":"HUN","isoNumerical":"348","title":"Hungary","gbifRegion":"EUROPE","enumName":"HUNGARY"},{"iso2":"IS","iso3":"ISL","isoNumerical":"352","title":"Iceland","gbifRegion":"EUROPE","enumName":"ICELAND"},{"iso2":"IN","iso3":"IND","isoNumerical":"356","title":"India","gbifRegion":"ASIA","enumName":"INDIA"},{"iso2":"ID","iso3":"IDN","isoNumerical":"360","title":"Indonesia","gbifRegion":"ASIA","enumName":"INDONESIA"},{"iso2":"IR","iso3":"IRN","isoNumerical":"364","title":"Iran
        (Islamic Republic of)","gbifRegion":"ASIA","enumName":"IRAN"},{"iso2":"IQ","iso3":"IRQ","isoNumerical":"368","title":"Iraq","gbifRegion":"ASIA","enumName":"IRAQ"},{"iso2":"IE","iso3":"IRL","isoNumerical":"372","title":"Ireland","gbifRegion":"EUROPE","enumName":"IRELAND"},{"iso2":"IM","iso3":"IMN","isoNumerical":"833","title":"Isle
        of Man","gbifRegion":"EUROPE","enumName":"ISLE_OF_MAN"},{"iso2":"IL","iso3":"ISR","isoNumerical":"376","title":"Israel","gbifRegion":"EUROPE","enumName":"ISRAEL"},{"iso2":"IT","iso3":"ITA","isoNumerical":"380","title":"Italy","gbifRegion":"EUROPE","enumName":"ITALY"},{"iso2":"JM","iso3":"JAM","isoNumerical":"388","title":"Jamaica","gbifRegion":"LATIN_AMERICA","enumName":"JAMAICA"},{"iso2":"JP","iso3":"JPN","isoNumerical":"392","title":"Japan","gbifRegion":"ASIA","enumName":"JAPAN"},{"iso2":"JE","iso3":"JEY","isoNumerical":"832","title":"Jersey","gbifRegion":"EUROPE","enumName":"JERSEY"},{"iso2":"JO","iso3":"JOR","isoNumerical":"400","title":"Jordan","gbifRegion":"ASIA","enumName":"JORDAN"},{"iso2":"KZ","iso3":"KAZ","isoNumerical":"398","title":"Kazakhstan","gbifRegion":"EUROPE","enumName":"KAZAKHSTAN"},{"iso2":"KE","iso3":"KEN","isoNumerical":"404","title":"Kenya","gbifRegion":"AFRICA","enumName":"KENYA"},{"iso2":"KI","iso3":"KIR","isoNumerical":"296","title":"Kiribati","gbifRegion":"OCEANIA","enumName":"KIRIBATI"},{"iso2":"KP","iso3":"PRK","isoNumerical":"408","title":"Korea
        (Democratic People’s Republic of)","gbifRegion":"ASIA","enumName":"KOREA_NORTH"},{"iso2":"KR","iso3":"KOR","isoNumerical":"410","title":"Korea,
        Republic of","gbifRegion":"ASIA","enumName":"KOREA_SOUTH"},{"iso2":"KW","iso3":"KWT","isoNumerical":"414","title":"Kuwait","gbifRegion":"ASIA","enumName":"KUWAIT"},{"iso2":"KG","iso3":"KGZ","isoNumerical":"417","title":"Kyrgyzstan","gbifRegion":"EUROPE","enumName":"KYRGYZSTAN"},{"iso2":"LA","iso3":"LAO","isoNumerical":"418","title":"Lao
        People’s Democratic Republic","gbifRegion":"ASIA","enumName":"LAO"},{"iso2":"LV","iso3":"LVA","isoNumerical":"428","title":"Latvia","gbifRegion":"EUROPE","enumName":"LATVIA"},{"iso2":"LB","iso3":"LBN","isoNumerical":"422","title":"Lebanon","gbifRegion":"ASIA","enumName":"LEBANON"},{"iso2":"LS","iso3":"LSO","isoNumerical":"426","title":"Lesotho","gbifRegion":"AFRICA","enumName":"LESOTHO"},{"iso2":"LR","iso3":"LBR","isoNumerical":"430","title":"Liberia","gbifRegion":"AFRICA","enumName":"LIBERIA"},{"iso2":"LY","iso3":"LBY","isoNumerical":"434","title":"Libya","gbifRegion":"AFRICA","enumName":"LIBYA"},{"iso2":"LI","iso3":"LIE","isoNumerical":"438","title":"Liechtenstein","gbifRegion":"EUROPE","enumName":"LIECHTENSTEIN"},{"iso2":"LT","iso3":"LTU","isoNumerical":"440","title":"Lithuania","gbifRegion":"EUROPE","enumName":"LITHUANIA"},{"iso2":"LU","iso3":"LUX","isoNumerical":"442","title":"Luxembourg","gbifRegion":"EUROPE","enumName":"LUXEMBOURG"},{"iso2":"MO","iso3":"MAC","isoNumerical":"446","title":"Macao","gbifRegion":"ASIA","enumName":"MACAO"},{"iso2":"MK","iso3":"MKD","isoNumerical":"807","title":"North
        Macedonia","gbifRegion":"EUROPE","enumName":"MACEDONIA"},{"iso2":"MG","iso3":"MDG","isoNumerical":"450","title":"Madagascar","gbifRegion":"AFRICA","enumName":"MADAGASCAR"},{"iso2":"MW","iso3":"MWI","isoNumerical":"454","title":"Malawi","gbifRegion":"AFRICA","enumName":"MALAWI"},{"iso2":"MY","iso3":"MYS","isoNumerical":"458","title":"Malaysia","gbifRegion":"ASIA","enumName":"MALAYSIA"},{"iso2":"MV","iso3":"MDV","isoNumerical":"462","title":"Maldives","gbifRegion":"ASIA","enumName":"MALDIVES"},{"iso2":"ML","iso3":"MLI","isoNumerical":"466","title":"Mali","gbifRegion":"AFRICA","enumName":"MALI"},{"iso2":"MT","iso3":"MLT","isoNumerical":"470","title":"Malta","gbifRegion":"EUROPE","enumName":"MALTA"},{"iso2":"MH","iso3":"MHL","isoNumerical":"584","title":"Marshall
        Islands","gbifRegion":"OCEANIA","enumName":"MARSHALL_ISLANDS"},{"iso2":"MQ","iso3":"MTQ","isoNumerical":"474","title":"Martinique","gbifRegion":"LATIN_AMERICA","enumName":"MARTINIQUE"},{"iso2":"MR","iso3":"MRT","isoNumerical":"478","title":"Mauritania","gbifRegion":"AFRICA","enumName":"MAURITANIA"},{"iso2":"MU","iso3":"MUS","isoNumerical":"480","title":"Mauritius","gbifRegion":"AFRICA","enumName":"MAURITIUS"},{"iso2":"YT","iso3":"MYT","isoNumerical":"175","title":"Mayotte","gbifRegion":"AFRICA","enumName":"MAYOTTE"},{"iso2":"MX","iso3":"MEX","isoNumerical":"484","title":"Mexico","gbifRegion":"LATIN_AMERICA","enumName":"MEXICO"},{"iso2":"FM","iso3":"FSM","isoNumerical":"583","title":"Micronesia
        (Federated States of)","gbifRegion":"OCEANIA","enumName":"MICRONESIA"},{"iso2":"MD","iso3":"MDA","isoNumerical":"498","title":"Moldova,
        Republic of","gbifRegion":"EUROPE","enumName":"MOLDOVA"},{"iso2":"MC","iso3":"MCO","isoNumerical":"492","title":"Monaco","gbifRegion":"EUROPE","enumName":"MONACO"},{"iso2":"MN","iso3":"MNG","isoNumerical":"496","title":"Mongolia","gbifRegion":"ASIA","enumName":"MONGOLIA"},{"iso2":"ME","iso3":"MNE","isoNumerical":"499","title":"Montenegro","gbifRegion":"EUROPE","enumName":"MONTENEGRO"},{"iso2":"MS","iso3":"MSR","isoNumerical":"500","title":"Montserrat","gbifRegion":"LATIN_AMERICA","enumName":"MONTSERRAT"},{"iso2":"MA","iso3":"MAR","isoNumerical":"504","title":"Morocco","gbifRegion":"AFRICA","enumName":"MOROCCO"},{"iso2":"MZ","iso3":"MOZ","isoNumerical":"508","title":"Mozambique","gbifRegion":"AFRICA","enumName":"MOZAMBIQUE"},{"iso2":"MM","iso3":"MMR","isoNumerical":"104","title":"Myanmar","gbifRegion":"ASIA","enumName":"MYANMAR"},{"iso2":"NA","iso3":"NAM","isoNumerical":"516","title":"Namibia","gbifRegion":"AFRICA","enumName":"NAMIBIA"},{"iso2":"NR","iso3":"NRU","isoNumerical":"520","title":"Nauru","gbifRegion":"OCEANIA","enumName":"NAURU"},{"iso2":"NP","iso3":"NPL","isoNumerical":"524","title":"Nepal","gbifRegion":"ASIA","enumName":"NEPAL"},{"iso2":"NL","iso3":"NLD","isoNumerical":"528","title":"Netherlands","gbifRegion":"EUROPE","enumName":"NETHERLANDS"},{"iso2":"NC","iso3":"NCL","isoNumerical":"540","title":"New
        Caledonia","gbifRegion":"OCEANIA","enumName":"NEW_CALEDONIA"},{"iso2":"NZ","iso3":"NZL","isoNumerical":"554","title":"New
        Zealand","gbifRegion":"OCEANIA","enumName":"NEW_ZEALAND"},{"iso2":"NI","iso3":"NIC","isoNumerical":"558","title":"Nicaragua","gbifRegion":"LATIN_AMERICA","enumName":"NICARAGUA"},{"iso2":"NE","iso3":"NER","isoNumerical":"562","title":"Niger","gbifRegion":"AFRICA","enumName":"NIGER"},{"iso2":"NG","iso3":"NGA","isoNumerical":"566","title":"Nigeria","gbifRegion":"AFRICA","enumName":"NIGERIA"},{"iso2":"NU","iso3":"NIU","isoNumerical":"570","title":"Niue","gbifRegion":"OCEANIA","enumName":"NIUE"},{"iso2":"NF","iso3":"NFK","isoNumerical":"574","title":"Norfolk
        Island","gbifRegion":"OCEANIA","enumName":"NORFOLK_ISLAND"},{"iso2":"MP","iso3":"MNP","isoNumerical":"580","title":"Northern
        Mariana Islands","gbifRegion":"OCEANIA","enumName":"NORTHERN_MARIANA_ISLANDS"},{"iso2":"NO","iso3":"NOR","isoNumerical":"578","title":"Norway","gbifRegion":"EUROPE","enumName":"NORWAY"},{"iso2":"OM","iso3":"OMN","isoNumerical":"512","title":"Oman","gbifRegion":"ASIA","enumName":"OMAN"},{"iso2":"PK","iso3":"PAK","isoNumerical":"586","title":"Pakistan","gbifRegion":"ASIA","enumName":"PAKISTAN"},{"iso2":"PW","iso3":"PLW","isoNumerical":"585","title":"Palau","gbifRegion":"OCEANIA","enumName":"PALAU"},{"iso2":"PS","iso3":"PSE","isoNumerical":"275","title":"Palestine,
        State of","gbifRegion":"ASIA","enumName":"PALESTINIAN_TERRITORY"},{"iso2":"PA","iso3":"PAN","isoNumerical":"591","title":"Panama","gbifRegion":"LATIN_AMERICA","enumName":"PANAMA"},{"iso2":"PG","iso3":"PNG","isoNumerical":"598","title":"Papua
        New Guinea","gbifRegion":"OCEANIA","enumName":"PAPUA_NEW_GUINEA"},{"iso2":"PY","iso3":"PRY","isoNumerical":"600","title":"Paraguay","gbifRegion":"LATIN_AMERICA","enumName":"PARAGUAY"},{"iso2":"PE","iso3":"PER","isoNumerical":"604","title":"Peru","gbifRegion":"LATIN_AMERICA","enumName":"PERU"},{"iso2":"PH","iso3":"PHL","isoNumerical":"608","title":"Philippines","gbifRegion":"ASIA","enumName":"PHILIPPINES"},{"iso2":"PN","iso3":"PCN","isoNumerical":"612","title":"Pitcairn","gbifRegion":"OCEANIA","enumName":"PITCAIRN"},{"iso2":"PL","iso3":"POL","isoNumerical":"616","title":"Poland","gbifRegion":"EUROPE","enumName":"POLAND"},{"iso2":"PT","iso3":"PRT","isoNumerical":"620","title":"Portugal","gbifRegion":"EUROPE","enumName":"PORTUGAL"},{"iso2":"PR","iso3":"PRI","isoNumerical":"630","title":"Puerto
        Rico","gbifRegion":"LATIN_AMERICA","enumName":"PUERTO_RICO"},{"iso2":"QA","iso3":"QAT","isoNumerical":"634","title":"Qatar","gbifRegion":"ASIA","enumName":"QATAR"},{"iso2":"RE","iso3":"REU","isoNumerical":"638","title":"Réunion","gbifRegion":"AFRICA","enumName":"RÉUNION"},{"iso2":"RO","iso3":"ROU","isoNumerical":"642","title":"Romania","gbifRegion":"EUROPE","enumName":"ROMANIA"},{"iso2":"RU","iso3":"RUS","isoNumerical":"643","title":"Russian
        Federation","gbifRegion":"EUROPE","enumName":"RUSSIAN_FEDERATION"},{"iso2":"RW","iso3":"RWA","isoNumerical":"646","title":"Rwanda","gbifRegion":"AFRICA","enumName":"RWANDA"},{"iso2":"BL","iso3":"BLM","isoNumerical":"652","title":"Saint
        Barthélemy","gbifRegion":"LATIN_AMERICA","enumName":"SAINT_BARTHÉLEMY"},{"iso2":"SH","iso3":"SHN","isoNumerical":"654","title":"Saint
        Helena, Ascension and Tristan da Cunha","gbifRegion":"AFRICA","enumName":"SAINT_HELENA_ASCENSION_TRISTAN_DA_CUNHA"},{"iso2":"KN","iso3":"KNA","isoNumerical":"659","title":"Saint
        Kitts and Nevis","gbifRegion":"LATIN_AMERICA","enumName":"SAINT_KITTS_NEVIS"},{"iso2":"LC","iso3":"LCA","isoNumerical":"662","title":"Saint
        Lucia","gbifRegion":"LATIN_AMERICA","enumName":"SAINT_LUCIA"},{"iso2":"MF","iso3":"MAF","isoNumerical":"663","title":"Saint
        Martin (French part)","gbifRegion":"LATIN_AMERICA","enumName":"SAINT_MARTIN_FRENCH"},{"iso2":"PM","iso3":"SPM","isoNumerical":"666","title":"Saint
        Pierre and Miquelon","gbifRegion":"NORTH_AMERICA","enumName":"SAINT_PIERRE_MIQUELON"},{"iso2":"VC","iso3":"VCT","isoNumerical":"670","title":"Saint
        Vincent and the Grenadines","gbifRegion":"LATIN_AMERICA","enumName":"SAINT_VINCENT_GRENADINES"},{"iso2":"WS","iso3":"WSM","isoNumerical":"882","title":"Samoa","gbifRegion":"OCEANIA","enumName":"SAMOA"},{"iso2":"SM","iso3":"SMR","isoNumerical":"674","title":"San
        Marino","gbifRegion":"EUROPE","enumName":"SAN_MARINO"},{"iso2":"ST","iso3":"STP","isoNumerical":"678","title":"Sao
        Tome and Principe","gbifRegion":"AFRICA","enumName":"SAO_TOME_PRINCIPE"},{"iso2":"SA","iso3":"SAU","isoNumerical":"682","title":"Saudi
        Arabia","gbifRegion":"ASIA","enumName":"SAUDI_ARABIA"},{"iso2":"SN","iso3":"SEN","isoNumerical":"686","title":"Senegal","gbifRegion":"AFRICA","enumName":"SENEGAL"},{"iso2":"RS","iso3":"SRB","isoNumerical":"688","title":"Serbia","gbifRegion":"EUROPE","enumName":"SERBIA"},{"iso2":"SC","iso3":"SYC","isoNumerical":"690","title":"Seychelles","gbifRegion":"AFRICA","enumName":"SEYCHELLES"},{"iso2":"SL","iso3":"SLE","isoNumerical":"694","title":"Sierra
        Leone","gbifRegion":"AFRICA","enumName":"SIERRA_LEONE"},{"iso2":"SG","iso3":"SGP","isoNumerical":"702","title":"Singapore","gbifRegion":"ASIA","enumName":"SINGAPORE"},{"iso2":"SX","iso3":"SXM","isoNumerical":"534","title":"Sint
        Maarten (Dutch part)","gbifRegion":"LATIN_AMERICA","enumName":"SINT_MAARTEN"},{"iso2":"SK","iso3":"SVK","isoNumerical":"703","title":"Slovakia","gbifRegion":"EUROPE","enumName":"SLOVAKIA"},{"iso2":"SI","iso3":"SVN","isoNumerical":"705","title":"Slovenia","gbifRegion":"EUROPE","enumName":"SLOVENIA"},{"iso2":"SB","iso3":"SLB","isoNumerical":"90","title":"Solomon
        Islands","gbifRegion":"OCEANIA","enumName":"SOLOMON_ISLANDS"},{"iso2":"SO","iso3":"SOM","isoNumerical":"706","title":"Somalia","gbifRegion":"AFRICA","enumName":"SOMALIA"},{"iso2":"ZA","iso3":"ZAF","isoNumerical":"710","title":"South
        Africa","gbifRegion":"AFRICA","enumName":"SOUTH_AFRICA"},{"iso2":"GS","iso3":"SGS","isoNumerical":"239","title":"South
        Georgia and the South Sandwich Islands","gbifRegion":"ANTARCTICA","enumName":"SOUTH_GEORGIA_SANDWICH_ISLANDS"},{"iso2":"SS","iso3":"SSD","isoNumerical":"728","title":"South
        Sudan","gbifRegion":"AFRICA","enumName":"SOUTH_SUDAN"},{"iso2":"ES","iso3":"ESP","isoNumerical":"724","title":"Spain","gbifRegion":"EUROPE","enumName":"SPAIN"},{"iso2":"LK","iso3":"LKA","isoNumerical":"144","title":"Sri
        Lanka","gbifRegion":"ASIA","enumName":"SRI_LANKA"},{"iso2":"SD","iso3":"SDN","isoNumerical":"729","title":"Sudan","gbifRegion":"AFRICA","enumName":"SUDAN"},{"iso2":"SR","iso3":"SUR","isoNumerical":"740","title":"Suriname","gbifRegion":"LATIN_AMERICA","enumName":"SURINAME"},{"iso2":"SJ","iso3":"SJM","isoNumerical":"744","title":"Svalbard
        and Jan Mayen","gbifRegion":"EUROPE","enumName":"SVALBARD_JAN_MAYEN"},{"iso2":"SZ","iso3":"SWZ","isoNumerical":"748","title":"Eswatini","gbifRegion":"AFRICA","enumName":"SWAZILAND"},{"iso2":"SE","iso3":"SWE","isoNumerical":"752","title":"Sweden","gbifRegion":"EUROPE","enumName":"SWEDEN"},{"iso2":"CH","iso3":"CHE","isoNumerical":"756","title":"Switzerland","gbifRegion":"EUROPE","enumName":"SWITZERLAND"},{"iso2":"SY","iso3":"SYR","isoNumerical":"760","title":"Syrian
        Arab Republic","gbifRegion":"ASIA","enumName":"SYRIA"},{"iso2":"TW","iso3":"TWN","isoNumerical":"158","title":"Chinese
        Taipei","gbifRegion":"ASIA","enumName":"TAIWAN"},{"iso2":"TJ","iso3":"TJK","isoNumerical":"762","title":"Tajikistan","gbifRegion":"EUROPE","enumName":"TAJIKISTAN"},{"iso2":"TZ","iso3":"TZA","isoNumerical":"834","title":"Tanzania,
        United Republic of","gbifRegion":"AFRICA","enumName":"TANZANIA"},{"iso2":"TH","iso3":"THA","isoNumerical":"764","title":"Thailand","gbifRegion":"ASIA","enumName":"THAILAND"},{"iso2":"TL","iso3":"TLS","isoNumerical":"626","title":"Timor-Leste","gbifRegion":"ASIA","enumName":"TIMOR_LESTE"},{"iso2":"TG","iso3":"TGO","isoNumerical":"768","title":"Togo","gbifRegion":"AFRICA","enumName":"TOGO"},{"iso2":"TK","iso3":"TKL","isoNumerical":"772","title":"Tokelau","gbifRegion":"OCEANIA","enumName":"TOKELAU"},{"iso2":"TO","iso3":"TON","isoNumerical":"776","title":"Tonga","gbifRegion":"OCEANIA","enumName":"TONGA"},{"iso2":"TT","iso3":"TTO","isoNumerical":"780","title":"Trinidad
        and Tobago","gbifRegion":"LATIN_AMERICA","enumName":"TRINIDAD_TOBAGO"},{"iso2":"TN","iso3":"TUN","isoNumerical":"788","title":"Tunisia","gbifRegion":"AFRICA","enumName":"TUNISIA"},{"iso2":"TR","iso3":"TUR","isoNumerical":"792","title":"Türkiye","gbifRegion":"EUROPE","enumName":"TURKEY"},{"iso2":"TM","iso3":"TKM","isoNumerical":"795","title":"Turkmenistan","gbifRegion":"EUROPE","enumName":"TURKMENISTAN"},{"iso2":"TC","iso3":"TCA","isoNumerical":"796","title":"Turks
        and Caicos Islands","gbifRegion":"LATIN_AMERICA","enumName":"TURKS_CAICOS_ISLANDS"},{"iso2":"TV","iso3":"TUV","isoNumerical":"798","title":"Tuvalu","gbifRegion":"OCEANIA","enumName":"TUVALU"},{"iso2":"UG","iso3":"UGA","isoNumerical":"800","title":"Uganda","gbifRegion":"AFRICA","enumName":"UGANDA"},{"iso2":"UA","iso3":"UKR","isoNumerical":"804","title":"Ukraine","gbifRegion":"EUROPE","enumName":"UKRAINE"},{"iso2":"AE","iso3":"ARE","isoNumerical":"784","title":"United
        Arab Emirates","gbifRegion":"ASIA","enumName":"UNITED_ARAB_EMIRATES"},{"iso2":"GB","iso3":"GBR","isoNumerical":"826","title":"United
        Kingdom of Great Britain and Northern Ireland","gbifRegion":"EUROPE","enumName":"UNITED_KINGDOM"},{"iso2":"US","iso3":"USA","isoNumerical":"840","title":"United
        States of America","gbifRegion":"NORTH_AMERICA","enumName":"UNITED_STATES"},{"iso2":"UM","iso3":"UMI","isoNumerical":"581","title":"United
        States Minor Outlying Islands","gbifRegion":"OCEANIA","enumName":"UNITED_STATES_OUTLYING_ISLANDS"},{"iso2":"UY","iso3":"URY","isoNumerical":"858","title":"Uruguay","gbifRegion":"LATIN_AMERICA","enumName":"URUGUAY"},{"iso2":"UZ","iso3":"UZB","isoNumerical":"860","title":"Uzbekistan","gbifRegion":"EUROPE","enumName":"UZBEKISTAN"},{"iso2":"VU","iso3":"VUT","isoNumerical":"548","title":"Vanuatu","gbifRegion":"OCEANIA","enumName":"VANUATU"},{"iso2":"VE","iso3":"VEN","isoNumerical":"862","title":"Venezuela
        (Bolivarian Republic of)","gbifRegion":"LATIN_AMERICA","enumName":"VENEZUELA"},{"iso2":"VN","iso3":"VNM","isoNumerical":"704","title":"Viet
        Nam","gbifRegion":"ASIA","enumName":"VIETNAM"},{"iso2":"VG","iso3":"VGB","isoNumerical":"92","title":"Virgin
        Islands (British)","gbifRegion":"LATIN_AMERICA","enumName":"VIRGIN_ISLANDS_BRITISH"},{"iso2":"VI","iso3":"VIR","isoNumerical":"850","title":"Virgin
        Islands (U.S.)","gbifRegion":"LATIN_AMERICA","enumName":"VIRGIN_ISLANDS"},{"iso2":"WF","iso3":"WLF","isoNumerical":"876","title":"Wallis
        and Futuna","gbifRegion":"OCEANIA","enumName":"WALLIS_FUTUNA"},{"iso2":"EH","iso3":"ESH","isoNumerical":"732","title":"Western
        Sahara","gbifRegion":"AFRICA","enumName":"WESTERN_SAHARA"},{"iso2":"YE","iso3":"YEM","isoNumerical":"887","title":"Yemen","gbifRegion":"ASIA","enumName":"YEMEN"},{"iso2":"ZM","iso3":"ZMB","isoNumerical":"894","title":"Zambia","gbifRegion":"AFRICA","enumName":"ZAMBIA"},{"iso2":"ZW","iso3":"ZWE","isoNumerical":"716","title":"Zimbabwe","gbifRegion":"AFRICA","enumName":"ZIMBABWE"},{"iso2":"XK","iso3":"XKX","isoNumerical":"902","title":"Kosovo","gbifRegion":"EUROPE","enumName":"KOSOVO"}]'
  recorded_at: 2023-03-06 13:39:02 GMT
  recorded_with: vcr/1.2.0, webmockr/0.8.2
- request:
    method: get
    uri: https://api.gbif.org/v1/occurrence/counts/countries?publishingCountry=DK
    body:
      encoding: ''
      string: ''
    headers:
      Accept-Encoding: gzip, deflate
      Accept: application/json, text/xml, application/xml, */*
  response:
    status:
      status_code: '200'
      message: OK
      explanation: Request fulfilled, document follows
    headers:
      status: HTTP/1.1 200 OK
      content-type: application/json
    body:
      encoding: ''
      file: no
      string: '{"DENMARK":49586528,"LITHUANIA":439429,"PERU":329946,"GREENLAND":170667,"ECUADOR":142029,"COLOMBIA":60613,"BOLIVIA":52586,"MEXICO":52351,"FAROE_ISLANDS":38338,"GERMANY":38286,"SWEDEN":32383,"UNKNOWN":29020,"TANZANIA":25089,"ICELAND":16535,"THAILAND":12357,"NETHERLANDS":11534,"UNITED_STATES":9735,"FINLAND":8448,"SENEGAL":7539,"MOROCCO":6253,"UNITED_KINGDOM":6114,"FRANCE":5836,"NORWAY":5600,"UGANDA":5379,"SPAIN":5031,"INDONESIA":4422,"ALGERIA":3889,"AUSTRALIA":3726,"ITALY":3451,"MADAGASCAR":3336,"KENYA":3295,"SOUTH_AFRICA":3228,"INDIA":3224,"NEW_ZEALAND":3207,"BRAZIL":3143,"NIGERIA":3131,"MALAYSIA":3107,"PHILIPPINES":2628,"JAPAN":2520,"RUSSIAN_FEDERATION":2349,"GHANA":2329,"GREECE":2045,"COSTA_RICA":1874,"SRI_LANKA":1861,"BURKINA_FASO":1805,"VIRGIN_ISLANDS":1798,"PAPUA_NEW_GUINEA":1791,"PORTUGAL":1780,"ARGENTINA":1619,"PANAMA":1606,"CANADA":1514,"POLAND":1390,"CONGO_DEMOCRATIC_REPUBLIC":1109,"CHILE":1088,"MAURITANIA":1083,"TUNISIA":1082,"SWITZERLAND":1001,"CHINA":1000,"CZECH_REPUBLIC":986,"BELGIUM":883,"SVALBARD_JAN_MAYEN":881,"AUSTRIA":849,"VENEZUELA":806,"CAMEROON":792,"EGYPT":768,"SINGAPORE":762,"GUINEA":749,"SUDAN":694,"ANGOLA":692,"SAMOA":627,"SIERRA_LEONE":605,"AFGHANISTAN":599,"TURKEY":583,"CROATIA":576,"PUERTO_RICO":551,"SLOVAKIA":530,"GUYANA":492,"SOUTH_SUDAN":471,"SOLOMON_ISLANDS":470,"ZAMBIA":468,"MALI":459,"VIETNAM":435,"BULGARIA":426,"JAMAICA":424,"ROMANIA":421,"CÔTE_DIVOIRE":420,"HUNGARY":391,"IRAN":378,"NEW_CALEDONIA":346,"LATVIA":346,"SEYCHELLES":345,"BERMUDA":338,"TAIWAN":321,"LIBERIA":320,"ALAND_ISLANDS":316,"KOREA_SOUTH":315,"CUBA":307,"FIJI":298,"MYANMAR":272,"FRENCH_POLYNESIA":264,"MAURITIUS":264,"GUINEA_BISSAU":258,"MOZAMBIQUE":257,"ESTONIA":251,"MALAWI":246,"LAO":232,"TOGO":231,"NAMIBIA":226,"UKRAINE":223,"SAUDI_ARABIA":215,"CONGO":215,"IRELAND":205,"NEPAL":189,"TRINIDAD_TOBAGO":183,"PAKISTAN":183,"DOMINICAN_REPUBLIC":176,"SLOVENIA":171,"ZIMBABWE":168,"LIBYA":156,"ETHIOPIA":142,"CYPRUS":139,"YEMEN":136,"VIRGIN_ISLANDS_BRITISH":136,"ANTARCTICA":135,"CHAD":134,"WESTERN_SAHARA":134,"GAMBIA":129,"SURINAME":127,"QATAR":127,"NIGER":125,"GABON":125,"RÉUNION":123,"ISRAEL":121,"CENTRAL_AFRICAN_REPUBLIC":120,"EQUATORIAL_GUINEA":118,"BANGLADESH":118,"FRENCH_GUIANA":114,"SAINT_HELENA_ASCENSION_TRISTAN_DA_CUNHA":113,"OMAN":113,"CAPE_VERDE":104,"BAHRAIN":104,"GUADELOUPE":103,"SAO_TOME_PRINCIPE":97,"LEBANON":96,"MALTA":89,"BURUNDI":89,"MACEDONIA":87,"BAHAMAS":87,"BARBADOS":84,"TONGA":76,"CAMBODIA":74,"BOTSWANA":74,"SYRIA":71,"SOMALIA":70,"KAZAKHSTAN":70,"HONG_KONG":63,"FALKLAND_ISLANDS":61,"MAYOTTE":60,"MALDIVES":57,"MICRONESIA":57,"TURKMENISTAN":51,"BELIZE":51,"GUATEMALA":50,"UZBEKISTAN":48,"GEORGIA":48,"MONTENEGRO":47,"BOSNIA_HERZEGOVINA":47,"COOK_ISLANDS":46,"FRENCH_SOUTHERN_TERRITORIES":43,"BRUNEI_DARUSSALAM":43,"HAITI":42,"NICARAGUA":41,"COCOS_ISLANDS":38,"PALAU":36,"HONDURAS":36,"MONGOLIA":34,"BELARUS":34,"URUGUAY":33,"JORDAN":33,"AMERICAN_SAMOA":33,"TAJIKISTAN":32,"SWAZILAND":31,"LUXEMBOURG":31,"KYRGYZSTAN":30,"PALESTINIAN_TERRITORY":28,"MARTINIQUE":28,"SOUTH_GEORGIA_SANDWICH_ISLANDS":28,"BENIN":28,"IRAQ":27,"UNITED_ARAB_EMIRATES":25,"PARAGUAY":24,"ANDORRA":22,"CURAÇAO":21,"ARMENIA":21,"AZERBAIJAN":20,"KUWAIT":19,"SAINT_KITTS_NEVIS":19,"RWANDA":18,"SERBIA":18,"ANTIGUA_BARBUDA":18,"ANGUILLA":17,"VANUATU":16,"ALBANIA":16,"TURKS_CAICOS_ISLANDS":15,"COMOROS":15,"EL_SALVADOR":12,"KOREA_NORTH":12,"GIBRALTAR":11,"SAINT_LUCIA":9,"JERSEY":8,"GUAM":8,"MARSHALL_ISLANDS":6,"MOLDOVA":6,"CHRISTMAS_ISLAND":6,"KIRIBATI":5,"GRENADA":5,"NORTHERN_MARIANA_ISLANDS":4,"BHUTAN":4,"BONAIRE_SINT_EUSTATIUS_SABA":4,"LESOTHO":3,"LIECHTENSTEIN":3,"KOSOVO":2,"UNITED_STATES_OUTLYING_ISLANDS":2,"CAYMAN_ISLANDS":2,"ERITREA":2,"DJIBOUTI":2,"SAINT_VINCENT_GRENADINES":1,"TIMOR_LESTE":1,"MACAO":1,"ISLE_OF_MAN":1,"GUERNSEY":1,"DOMINICA":1,"BOUVET_ISLAND":1}'
  recorded_at: 2023-03-06 13:39:02 GMT
  recorded_with: vcr/1.2.0, webmockr/0.8.2
- request:
    method: get
    uri: https://api.gbif.org/v1/enumeration/country/
    body:
      encoding: ''
      string: ''
    headers:
      Accept-Encoding: gzip, deflate
      Accept: application/json, text/xml, application/xml, */*
  response:
    status:
      status_code: '200'
      message: OK
      explanation: Request fulfilled, document follows
    headers:
      status: HTTP/1.1 200 OK
      content-type: application/json
    body:
      encoding: ''
      file: no
      string: '[{"iso2":"AF","iso3":"AFG","isoNumerical":"4","title":"Afghanistan","gbifRegion":"ASIA","enumName":"AFGHANISTAN"},{"iso2":"AX","iso3":"ALA","isoNumerical":"248","title":"Åland
        Islands","gbifRegion":"EUROPE","enumName":"ALAND_ISLANDS"},{"iso2":"AL","iso3":"ALB","isoNumerical":"8","title":"Albania","gbifRegion":"EUROPE","enumName":"ALBANIA"},{"iso2":"DZ","iso3":"DZA","isoNumerical":"12","title":"Algeria","gbifRegion":"AFRICA","enumName":"ALGERIA"},{"iso2":"AS","iso3":"ASM","isoNumerical":"16","title":"American
        Samoa","gbifRegion":"OCEANIA","enumName":"AMERICAN_SAMOA"},{"iso2":"AD","iso3":"AND","isoNumerical":"20","title":"Andorra","gbifRegion":"EUROPE","enumName":"ANDORRA"},{"iso2":"AO","iso3":"AGO","isoNumerical":"24","title":"Angola","gbifRegion":"AFRICA","enumName":"ANGOLA"},{"iso2":"AI","iso3":"AIA","isoNumerical":"660","title":"Anguilla","gbifRegion":"LATIN_AMERICA","enumName":"ANGUILLA"},{"iso2":"AQ","iso3":"ATA","isoNumerical":"10","title":"Antarctica","gbifRegion":"ANTARCTICA","enumName":"ANTARCTICA"},{"iso2":"AG","iso3":"ATG","isoNumerical":"28","title":"Antigua
        and Barbuda","gbifRegion":"LATIN_AMERICA","enumName":"ANTIGUA_BARBUDA"},{"iso2":"AR","iso3":"ARG","isoNumerical":"32","title":"Argentina","gbifRegion":"LATIN_AMERICA","enumName":"ARGENTINA"},{"iso2":"AM","iso3":"ARM","isoNumerical":"51","title":"Armenia","gbifRegion":"EUROPE","enumName":"ARMENIA"},{"iso2":"AW","iso3":"ABW","isoNumerical":"533","title":"Aruba","gbifRegion":"LATIN_AMERICA","enumName":"ARUBA"},{"iso2":"AU","iso3":"AUS","isoNumerical":"36","title":"Australia","gbifRegion":"OCEANIA","enumName":"AUSTRALIA"},{"iso2":"AT","iso3":"AUT","isoNumerical":"40","title":"Austria","gbifRegion":"EUROPE","enumName":"AUSTRIA"},{"iso2":"AZ","iso3":"AZE","isoNumerical":"31","title":"Azerbaijan","gbifRegion":"EUROPE","enumName":"AZERBAIJAN"},{"iso2":"BS","iso3":"BHS","isoNumerical":"44","title":"Bahamas","gbifRegion":"LATIN_AMERICA","enumName":"BAHAMAS"},{"iso2":"BH","iso3":"BHR","isoNumerical":"48","title":"Bahrain","gbifRegion":"ASIA","enumName":"BAHRAIN"},{"iso2":"BD","iso3":"BGD","isoNumerical":"50","title":"Bangladesh","gbifRegion":"ASIA","enumName":"BANGLADESH"},{"iso2":"BB","iso3":"BRB","isoNumerical":"52","title":"Barbados","gbifRegion":"LATIN_AMERICA","enumName":"BARBADOS"},{"iso2":"BY","iso3":"BLR","isoNumerical":"112","title":"Belarus","gbifRegion":"EUROPE","enumName":"BELARUS"},{"iso2":"BE","iso3":"BEL","isoNumerical":"56","title":"Belgium","gbifRegion":"EUROPE","enumName":"BELGIUM"},{"iso2":"BZ","iso3":"BLZ","isoNumerical":"84","title":"Belize","gbifRegion":"LATIN_AMERICA","enumName":"BELIZE"},{"iso2":"BJ","iso3":"BEN","isoNumerical":"204","title":"Benin","gbifRegion":"AFRICA","enumName":"BENIN"},{"iso2":"BM","iso3":"BMU","isoNumerical":"60","title":"Bermuda","gbifRegion":"LATIN_AMERICA","enumName":"BERMUDA"},{"iso2":"BT","iso3":"BTN","isoNumerical":"64","title":"Bhutan","gbifRegion":"ASIA","enumName":"BHUTAN"},{"iso2":"BO","iso3":"BOL","isoNumerical":"68","title":"Bolivia
        (Plurinational State of)","gbifRegion":"LATIN_AMERICA","enumName":"BOLIVIA"},{"iso2":"BQ","iso3":"BES","isoNumerical":"535","title":"Bonaire,
        Sint Eustatius and Saba","gbifRegion":"LATIN_AMERICA","enumName":"BONAIRE_SINT_EUSTATIUS_SABA"},{"iso2":"BA","iso3":"BIH","isoNumerical":"70","title":"Bosnia
        and Herzegovina","gbifRegion":"EUROPE","enumName":"BOSNIA_HERZEGOVINA"},{"iso2":"BW","iso3":"BWA","isoNumerical":"72","title":"Botswana","gbifRegion":"AFRICA","enumName":"BOTSWANA"},{"iso2":"BV","iso3":"BVT","isoNumerical":"74","title":"Bouvet
        Island","gbifRegion":"ANTARCTICA","enumName":"BOUVET_ISLAND"},{"iso2":"BR","iso3":"BRA","isoNumerical":"76","title":"Brazil","gbifRegion":"LATIN_AMERICA","enumName":"BRAZIL"},{"iso2":"IO","iso3":"IOT","isoNumerical":"86","title":"British
        Indian Ocean Territory","gbifRegion":"ASIA","enumName":"BRITISH_INDIAN_OCEAN_TERRITORY"},{"iso2":"BN","iso3":"BRN","isoNumerical":"96","title":"Brunei
        Darussalam","gbifRegion":"ASIA","enumName":"BRUNEI_DARUSSALAM"},{"iso2":"BG","iso3":"BGR","isoNumerical":"100","title":"Bulgaria","gbifRegion":"EUROPE","enumName":"BULGARIA"},{"iso2":"BF","iso3":"BFA","isoNumerical":"854","title":"Burkina
        Faso","gbifRegion":"AFRICA","enumName":"BURKINA_FASO"},{"iso2":"BI","iso3":"BDI","isoNumerical":"108","title":"Burundi","gbifRegion":"AFRICA","enumName":"BURUNDI"},{"iso2":"KH","iso3":"KHM","isoNumerical":"116","title":"Cambodia","gbifRegion":"ASIA","enumName":"CAMBODIA"},{"iso2":"CM","iso3":"CMR","isoNumerical":"120","title":"Cameroon","gbifRegion":"AFRICA","enumName":"CAMEROON"},{"iso2":"CA","iso3":"CAN","isoNumerical":"124","title":"Canada","gbifRegion":"NORTH_AMERICA","enumName":"CANADA"},{"iso2":"CV","iso3":"CPV","isoNumerical":"132","title":"Cabo
        Verde","gbifRegion":"AFRICA","enumName":"CAPE_VERDE"},{"iso2":"KY","iso3":"CYM","isoNumerical":"136","title":"Cayman
        Islands","gbifRegion":"LATIN_AMERICA","enumName":"CAYMAN_ISLANDS"},{"iso2":"CF","iso3":"CAF","isoNumerical":"140","title":"Central
        African Republic","gbifRegion":"AFRICA","enumName":"CENTRAL_AFRICAN_REPUBLIC"},{"iso2":"TD","iso3":"TCD","isoNumerical":"148","title":"Chad","gbifRegion":"AFRICA","enumName":"CHAD"},{"iso2":"CL","iso3":"CHL","isoNumerical":"152","title":"Chile","gbifRegion":"LATIN_AMERICA","enumName":"CHILE"},{"iso2":"CN","iso3":"CHN","isoNumerical":"156","title":"China","gbifRegion":"ASIA","enumName":"CHINA"},{"iso2":"CX","iso3":"CXR","isoNumerical":"162","title":"Christmas
        Island","gbifRegion":"ASIA","enumName":"CHRISTMAS_ISLAND"},{"iso2":"CC","iso3":"CCK","isoNumerical":"166","title":"Cocos
        (Keeling) Islands","gbifRegion":"ASIA","enumName":"COCOS_ISLANDS"},{"iso2":"CO","iso3":"COL","isoNumerical":"170","title":"Colombia","gbifRegion":"LATIN_AMERICA","enumName":"COLOMBIA"},{"iso2":"KM","iso3":"COM","isoNumerical":"174","title":"Comoros","gbifRegion":"AFRICA","enumName":"COMOROS"},{"iso2":"CD","iso3":"COD","isoNumerical":"180","title":"Congo,
        Democratic Republic of the","gbifRegion":"AFRICA","enumName":"CONGO_DEMOCRATIC_REPUBLIC"},{"iso2":"CG","iso3":"COG","isoNumerical":"178","title":"Congo","gbifRegion":"AFRICA","enumName":"CONGO"},{"iso2":"CK","iso3":"COK","isoNumerical":"184","title":"Cook
        Islands","gbifRegion":"OCEANIA","enumName":"COOK_ISLANDS"},{"iso2":"CR","iso3":"CRI","isoNumerical":"188","title":"Costa
        Rica","gbifRegion":"LATIN_AMERICA","enumName":"COSTA_RICA"},{"iso2":"CI","iso3":"CIV","isoNumerical":"384","title":"Côte
        d’Ivoire","gbifRegion":"AFRICA","enumName":"CÔTE_DIVOIRE"},{"iso2":"HR","iso3":"HRV","isoNumerical":"191","title":"Croatia","gbifRegion":"EUROPE","enumName":"CROATIA"},{"iso2":"CU","iso3":"CUB","isoNumerical":"192","title":"Cuba","gbifRegion":"LATIN_AMERICA","enumName":"CUBA"},{"iso2":"CW","iso3":"CUW","isoNumerical":"531","title":"Curaçao","gbifRegion":"LATIN_AMERICA","enumName":"CURAÇAO"},{"iso2":"CY","iso3":"CYP","isoNumerical":"196","title":"Cyprus","gbifRegion":"EUROPE","enumName":"CYPRUS"},{"iso2":"CZ","iso3":"CZE","isoNumerical":"203","title":"Czechia","gbifRegion":"EUROPE","enumName":"CZECH_REPUBLIC"},{"iso2":"DK","iso3":"DNK","isoNumerical":"208","title":"Denmark","gbifRegion":"EUROPE","enumName":"DENMARK"},{"iso2":"DJ","iso3":"DJI","isoNumerical":"262","title":"Djibouti","gbifRegion":"AFRICA","enumName":"DJIBOUTI"},{"iso2":"DM","iso3":"DMA","isoNumerical":"212","title":"Dominica","gbifRegion":"LATIN_AMERICA","enumName":"DOMINICA"},{"iso2":"DO","iso3":"DOM","isoNumerical":"214","title":"Dominican
        Republic","gbifRegion":"LATIN_AMERICA","enumName":"DOMINICAN_REPUBLIC"},{"iso2":"EC","iso3":"ECU","isoNumerical":"218","title":"Ecuador","gbifRegion":"LATIN_AMERICA","enumName":"ECUADOR"},{"iso2":"EG","iso3":"EGY","isoNumerical":"818","title":"Egypt","gbifRegion":"AFRICA","enumName":"EGYPT"},{"iso2":"SV","iso3":"SLV","isoNumerical":"222","title":"El
        Salvador","gbifRegion":"LATIN_AMERICA","enumName":"EL_SALVADOR"},{"iso2":"GQ","iso3":"GNQ","isoNumerical":"226","title":"Equatorial
        Guinea","gbifRegion":"AFRICA","enumName":"EQUATORIAL_GUINEA"},{"iso2":"ER","iso3":"ERI","isoNumerical":"232","title":"Eritrea","gbifRegion":"AFRICA","enumName":"ERITREA"},{"iso2":"EE","iso3":"EST","isoNumerical":"233","title":"Estonia","gbifRegion":"EUROPE","enumName":"ESTONIA"},{"iso2":"ET","iso3":"ETH","isoNumerical":"231","title":"Ethiopia","gbifRegion":"AFRICA","enumName":"ETHIOPIA"},{"iso2":"FK","iso3":"FLK","isoNumerical":"238","title":"Falkland
        Islands (Malvinas)","gbifRegion":"LATIN_AMERICA","enumName":"FALKLAND_ISLANDS"},{"iso2":"FO","iso3":"FRO","isoNumerical":"234","title":"Faroe
        Islands","gbifRegion":"EUROPE","enumName":"FAROE_ISLANDS"},{"iso2":"FJ","iso3":"FJI","isoNumerical":"242","title":"Fiji","gbifRegion":"OCEANIA","enumName":"FIJI"},{"iso2":"FI","iso3":"FIN","isoNumerical":"246","title":"Finland","gbifRegion":"EUROPE","enumName":"FINLAND"},{"iso2":"FR","iso3":"FRA","isoNumerical":"250","title":"France","gbifRegion":"EUROPE","enumName":"FRANCE"},{"iso2":"GF","iso3":"GUF","isoNumerical":"254","title":"French
        Guiana","gbifRegion":"LATIN_AMERICA","enumName":"FRENCH_GUIANA"},{"iso2":"PF","iso3":"PYF","isoNumerical":"258","title":"French
        Polynesia","gbifRegion":"OCEANIA","enumName":"FRENCH_POLYNESIA"},{"iso2":"TF","iso3":"ATF","isoNumerical":"260","title":"French
        Southern Territories","gbifRegion":"ANTARCTICA","enumName":"FRENCH_SOUTHERN_TERRITORIES"},{"iso2":"GA","iso3":"GAB","isoNumerical":"266","title":"Gabon","gbifRegion":"AFRICA","enumName":"GABON"},{"iso2":"GM","iso3":"GMB","isoNumerical":"270","title":"Gambia","gbifRegion":"AFRICA","enumName":"GAMBIA"},{"iso2":"GE","iso3":"GEO","isoNumerical":"268","title":"Georgia","gbifRegion":"EUROPE","enumName":"GEORGIA"},{"iso2":"DE","iso3":"DEU","isoNumerical":"276","title":"Germany","gbifRegion":"EUROPE","enumName":"GERMANY"},{"iso2":"GH","iso3":"GHA","isoNumerical":"288","title":"Ghana","gbifRegion":"AFRICA","enumName":"GHANA"},{"iso2":"GI","iso3":"GIB","isoNumerical":"292","title":"Gibraltar","gbifRegion":"EUROPE","enumName":"GIBRALTAR"},{"iso2":"GR","iso3":"GRC","isoNumerical":"300","title":"Greece","gbifRegion":"EUROPE","enumName":"GREECE"},{"iso2":"GL","iso3":"GRL","isoNumerical":"304","title":"Greenland","gbifRegion":"NORTH_AMERICA","enumName":"GREENLAND"},{"iso2":"GD","iso3":"GRD","isoNumerical":"308","title":"Grenada","gbifRegion":"LATIN_AMERICA","enumName":"GRENADA"},{"iso2":"GP","iso3":"GLP","isoNumerical":"312","title":"Guadeloupe","gbifRegion":"LATIN_AMERICA","enumName":"GUADELOUPE"},{"iso2":"GU","iso3":"GUM","isoNumerical":"316","title":"Guam","gbifRegion":"OCEANIA","enumName":"GUAM"},{"iso2":"GT","iso3":"GTM","isoNumerical":"320","title":"Guatemala","gbifRegion":"LATIN_AMERICA","enumName":"GUATEMALA"},{"iso2":"GG","iso3":"GGY","isoNumerical":"831","title":"Guernsey","gbifRegion":"EUROPE","enumName":"GUERNSEY"},{"iso2":"GN","iso3":"GIN","isoNumerical":"324","title":"Guinea","gbifRegion":"AFRICA","enumName":"GUINEA"},{"iso2":"GW","iso3":"GNB","isoNumerical":"624","title":"Guinea-Bissau","gbifRegion":"AFRICA","enumName":"GUINEA_BISSAU"},{"iso2":"GY","iso3":"GUY","isoNumerical":"328","title":"Guyana","gbifRegion":"LATIN_AMERICA","enumName":"GUYANA"},{"iso2":"HT","iso3":"HTI","isoNumerical":"332","title":"Haiti","gbifRegion":"LATIN_AMERICA","enumName":"HAITI"},{"iso2":"HM","iso3":"HMD","isoNumerical":"334","title":"Heard
        Island and McDonald Islands","gbifRegion":"ANTARCTICA","enumName":"HEARD_MCDONALD_ISLANDS"},{"iso2":"VA","iso3":"VAT","isoNumerical":"336","title":"Holy
        See","gbifRegion":"EUROPE","enumName":"VATICAN"},{"iso2":"HN","iso3":"HND","isoNumerical":"340","title":"Honduras","gbifRegion":"LATIN_AMERICA","enumName":"HONDURAS"},{"iso2":"HK","iso3":"HKG","isoNumerical":"344","title":"Hong
        Kong","gbifRegion":"ASIA","enumName":"HONG_KONG"},{"iso2":"HU","iso3":"HUN","isoNumerical":"348","title":"Hungary","gbifRegion":"EUROPE","enumName":"HUNGARY"},{"iso2":"IS","iso3":"ISL","isoNumerical":"352","title":"Iceland","gbifRegion":"EUROPE","enumName":"ICELAND"},{"iso2":"IN","iso3":"IND","isoNumerical":"356","title":"India","gbifRegion":"ASIA","enumName":"INDIA"},{"iso2":"ID","iso3":"IDN","isoNumerical":"360","title":"Indonesia","gbifRegion":"ASIA","enumName":"INDONESIA"},{"iso2":"IR","iso3":"IRN","isoNumerical":"364","title":"Iran
        (Islamic Republic of)","gbifRegion":"ASIA","enumName":"IRAN"},{"iso2":"IQ","iso3":"IRQ","isoNumerical":"368","title":"Iraq","gbifRegion":"ASIA","enumName":"IRAQ"},{"iso2":"IE","iso3":"IRL","isoNumerical":"372","title":"Ireland","gbifRegion":"EUROPE","enumName":"IRELAND"},{"iso2":"IM","iso3":"IMN","isoNumerical":"833","title":"Isle
        of Man","gbifRegion":"EUROPE","enumName":"ISLE_OF_MAN"},{"iso2":"IL","iso3":"ISR","isoNumerical":"376","title":"Israel","gbifRegion":"EUROPE","enumName":"ISRAEL"},{"iso2":"IT","iso3":"ITA","isoNumerical":"380","title":"Italy","gbifRegion":"EUROPE","enumName":"ITALY"},{"iso2":"JM","iso3":"JAM","isoNumerical":"388","title":"Jamaica","gbifRegion":"LATIN_AMERICA","enumName":"JAMAICA"},{"iso2":"JP","iso3":"JPN","isoNumerical":"392","title":"Japan","gbifRegion":"ASIA","enumName":"JAPAN"},{"iso2":"JE","iso3":"JEY","isoNumerical":"832","title":"Jersey","gbifRegion":"EUROPE","enumName":"JERSEY"},{"iso2":"JO","iso3":"JOR","isoNumerical":"400","title":"Jordan","gbifRegion":"ASIA","enumName":"JORDAN"},{"iso2":"KZ","iso3":"KAZ","isoNumerical":"398","title":"Kazakhstan","gbifRegion":"EUROPE","enumName":"KAZAKHSTAN"},{"iso2":"KE","iso3":"KEN","isoNumerical":"404","title":"Kenya","gbifRegion":"AFRICA","enumName":"KENYA"},{"iso2":"KI","iso3":"KIR","isoNumerical":"296","title":"Kiribati","gbifRegion":"OCEANIA","enumName":"KIRIBATI"},{"iso2":"KP","iso3":"PRK","isoNumerical":"408","title":"Korea
        (Democratic People’s Republic of)","gbifRegion":"ASIA","enumName":"KOREA_NORTH"},{"iso2":"KR","iso3":"KOR","isoNumerical":"410","title":"Korea,
        Republic of","gbifRegion":"ASIA","enumName":"KOREA_SOUTH"},{"iso2":"KW","iso3":"KWT","isoNumerical":"414","title":"Kuwait","gbifRegion":"ASIA","enumName":"KUWAIT"},{"iso2":"KG","iso3":"KGZ","isoNumerical":"417","title":"Kyrgyzstan","gbifRegion":"EUROPE","enumName":"KYRGYZSTAN"},{"iso2":"LA","iso3":"LAO","isoNumerical":"418","title":"Lao
        People’s Democratic Republic","gbifRegion":"ASIA","enumName":"LAO"},{"iso2":"LV","iso3":"LVA","isoNumerical":"428","title":"Latvia","gbifRegion":"EUROPE","enumName":"LATVIA"},{"iso2":"LB","iso3":"LBN","isoNumerical":"422","title":"Lebanon","gbifRegion":"ASIA","enumName":"LEBANON"},{"iso2":"LS","iso3":"LSO","isoNumerical":"426","title":"Lesotho","gbifRegion":"AFRICA","enumName":"LESOTHO"},{"iso2":"LR","iso3":"LBR","isoNumerical":"430","title":"Liberia","gbifRegion":"AFRICA","enumName":"LIBERIA"},{"iso2":"LY","iso3":"LBY","isoNumerical":"434","title":"Libya","gbifRegion":"AFRICA","enumName":"LIBYA"},{"iso2":"LI","iso3":"LIE","isoNumerical":"438","title":"Liechtenstein","gbifRegion":"EUROPE","enumName":"LIECHTENSTEIN"},{"iso2":"LT","iso3":"LTU","isoNumerical":"440","title":"Lithuania","gbifRegion":"EUROPE","enumName":"LITHUANIA"},{"iso2":"LU","iso3":"LUX","isoNumerical":"442","title":"Luxembourg","gbifRegion":"EUROPE","enumName":"LUXEMBOURG"},{"iso2":"MO","iso3":"MAC","isoNumerical":"446","title":"Macao","gbifRegion":"ASIA","enumName":"MACAO"},{"iso2":"MK","iso3":"MKD","isoNumerical":"807","title":"North
        Macedonia","gbifRegion":"EUROPE","enumName":"MACEDONIA"},{"iso2":"MG","iso3":"MDG","isoNumerical":"450","title":"Madagascar","gbifRegion":"AFRICA","enumName":"MADAGASCAR"},{"iso2":"MW","iso3":"MWI","isoNumerical":"454","title":"Malawi","gbifRegion":"AFRICA","enumName":"MALAWI"},{"iso2":"MY","iso3":"MYS","isoNumerical":"458","title":"Malaysia","gbifRegion":"ASIA","enumName":"MALAYSIA"},{"iso2":"MV","iso3":"MDV","isoNumerical":"462","title":"Maldives","gbifRegion":"ASIA","enumName":"MALDIVES"},{"iso2":"ML","iso3":"MLI","isoNumerical":"466","title":"Mali","gbifRegion":"AFRICA","enumName":"MALI"},{"iso2":"MT","iso3":"MLT","isoNumerical":"470","title":"Malta","gbifRegion":"EUROPE","enumName":"MALTA"},{"iso2":"MH","iso3":"MHL","isoNumerical":"584","title":"Marshall
        Islands","gbifRegion":"OCEANIA","enumName":"MARSHALL_ISLANDS"},{"iso2":"MQ","iso3":"MTQ","isoNumerical":"474","title":"Martinique","gbifRegion":"LATIN_AMERICA","enumName":"MARTINIQUE"},{"iso2":"MR","iso3":"MRT","isoNumerical":"478","title":"Mauritania","gbifRegion":"AFRICA","enumName":"MAURITANIA"},{"iso2":"MU","iso3":"MUS","isoNumerical":"480","title":"Mauritius","gbifRegion":"AFRICA","enumName":"MAURITIUS"},{"iso2":"YT","iso3":"MYT","isoNumerical":"175","title":"Mayotte","gbifRegion":"AFRICA","enumName":"MAYOTTE"},{"iso2":"MX","iso3":"MEX","isoNumerical":"484","title":"Mexico","gbifRegion":"LATIN_AMERICA","enumName":"MEXICO"},{"iso2":"FM","iso3":"FSM","isoNumerical":"583","title":"Micronesia
        (Federated States of)","gbifRegion":"OCEANIA","enumName":"MICRONESIA"},{"iso2":"MD","iso3":"MDA","isoNumerical":"498","title":"Moldova,
        Republic of","gbifRegion":"EUROPE","enumName":"MOLDOVA"},{"iso2":"MC","iso3":"MCO","isoNumerical":"492","title":"Monaco","gbifRegion":"EUROPE","enumName":"MONACO"},{"iso2":"MN","iso3":"MNG","isoNumerical":"496","title":"Mongolia","gbifRegion":"ASIA","enumName":"MONGOLIA"},{"iso2":"ME","iso3":"MNE","isoNumerical":"499","title":"Montenegro","gbifRegion":"EUROPE","enumName":"MONTENEGRO"},{"iso2":"MS","iso3":"MSR","isoNumerical":"500","title":"Montserrat","gbifRegion":"LATIN_AMERICA","enumName":"MONTSERRAT"},{"iso2":"MA","iso3":"MAR","isoNumerical":"504","title":"Morocco","gbifRegion":"AFRICA","enumName":"MOROCCO"},{"iso2":"MZ","iso3":"MOZ","isoNumerical":"508","title":"Mozambique","gbifRegion":"AFRICA","enumName":"MOZAMBIQUE"},{"iso2":"MM","iso3":"MMR","isoNumerical":"104","title":"Myanmar","gbifRegion":"ASIA","enumName":"MYANMAR"},{"iso2":"NA","iso3":"NAM","isoNumerical":"516","title":"Namibia","gbifRegion":"AFRICA","enumName":"NAMIBIA"},{"iso2":"NR","iso3":"NRU","isoNumerical":"520","title":"Nauru","gbifRegion":"OCEANIA","enumName":"NAURU"},{"iso2":"NP","iso3":"NPL","isoNumerical":"524","title":"Nepal","gbifRegion":"ASIA","enumName":"NEPAL"},{"iso2":"NL","iso3":"NLD","isoNumerical":"528","title":"Netherlands","gbifRegion":"EUROPE","enumName":"NETHERLANDS"},{"iso2":"NC","iso3":"NCL","isoNumerical":"540","title":"New
        Caledonia","gbifRegion":"OCEANIA","enumName":"NEW_CALEDONIA"},{"iso2":"NZ","iso3":"NZL","isoNumerical":"554","title":"New
        Zealand","gbifRegion":"OCEANIA","enumName":"NEW_ZEALAND"},{"iso2":"NI","iso3":"NIC","isoNumerical":"558","title":"Nicaragua","gbifRegion":"LATIN_AMERICA","enumName":"NICARAGUA"},{"iso2":"NE","iso3":"NER","isoNumerical":"562","title":"Niger","gbifRegion":"AFRICA","enumName":"NIGER"},{"iso2":"NG","iso3":"NGA","isoNumerical":"566","title":"Nigeria","gbifRegion":"AFRICA","enumName":"NIGERIA"},{"iso2":"NU","iso3":"NIU","isoNumerical":"570","title":"Niue","gbifRegion":"OCEANIA","enumName":"NIUE"},{"iso2":"NF","iso3":"NFK","isoNumerical":"574","title":"Norfolk
        Island","gbifRegion":"OCEANIA","enumName":"NORFOLK_ISLAND"},{"iso2":"MP","iso3":"MNP","isoNumerical":"580","title":"Northern
        Mariana Islands","gbifRegion":"OCEANIA","enumName":"NORTHERN_MARIANA_ISLANDS"},{"iso2":"NO","iso3":"NOR","isoNumerical":"578","title":"Norway","gbifRegion":"EUROPE","enumName":"NORWAY"},{"iso2":"OM","iso3":"OMN","isoNumerical":"512","title":"Oman","gbifRegion":"ASIA","enumName":"OMAN"},{"iso2":"PK","iso3":"PAK","isoNumerical":"586","title":"Pakistan","gbifRegion":"ASIA","enumName":"PAKISTAN"},{"iso2":"PW","iso3":"PLW","isoNumerical":"585","title":"Palau","gbifRegion":"OCEANIA","enumName":"PALAU"},{"iso2":"PS","iso3":"PSE","isoNumerical":"275","title":"Palestine,
        State of","gbifRegion":"ASIA","enumName":"PALESTINIAN_TERRITORY"},{"iso2":"PA","iso3":"PAN","isoNumerical":"591","title":"Panama","gbifRegion":"LATIN_AMERICA","enumName":"PANAMA"},{"iso2":"PG","iso3":"PNG","isoNumerical":"598","title":"Papua
        New Guinea","gbifRegion":"OCEANIA","enumName":"PAPUA_NEW_GUINEA"},{"iso2":"PY","iso3":"PRY","isoNumerical":"600","title":"Paraguay","gbifRegion":"LATIN_AMERICA","enumName":"PARAGUAY"},{"iso2":"PE","iso3":"PER","isoNumerical":"604","title":"Peru","gbifRegion":"LATIN_AMERICA","enumName":"PERU"},{"iso2":"PH","iso3":"PHL","isoNumerical":"608","title":"Philippines","gbifRegion":"ASIA","enumName":"PHILIPPINES"},{"iso2":"PN","iso3":"PCN","isoNumerical":"612","title":"Pitcairn","gbifRegion":"OCEANIA","enumName":"PITCAIRN"},{"iso2":"PL","iso3":"POL","isoNumerical":"616","title":"Poland","gbifRegion":"EUROPE","enumName":"POLAND"},{"iso2":"PT","iso3":"PRT","isoNumerical":"620","title":"Portugal","gbifRegion":"EUROPE","enumName":"PORTUGAL"},{"iso2":"PR","iso3":"PRI","isoNumerical":"630","title":"Puerto
        Rico","gbifRegion":"LATIN_AMERICA","enumName":"PUERTO_RICO"},{"iso2":"QA","iso3":"QAT","isoNumerical":"634","title":"Qatar","gbifRegion":"ASIA","enumName":"QATAR"},{"iso2":"RE","iso3":"REU","isoNumerical":"638","title":"Réunion","gbifRegion":"AFRICA","enumName":"RÉUNION"},{"iso2":"RO","iso3":"ROU","isoNumerical":"642","title":"Romania","gbifRegion":"EUROPE","enumName":"ROMANIA"},{"iso2":"RU","iso3":"RUS","isoNumerical":"643","title":"Russian
        Federation","gbifRegion":"EUROPE","enumName":"RUSSIAN_FEDERATION"},{"iso2":"RW","iso3":"RWA","isoNumerical":"646","title":"Rwanda","gbifRegion":"AFRICA","enumName":"RWANDA"},{"iso2":"BL","iso3":"BLM","isoNumerical":"652","title":"Saint
        Barthélemy","gbifRegion":"LATIN_AMERICA","enumName":"SAINT_BARTHÉLEMY"},{"iso2":"SH","iso3":"SHN","isoNumerical":"654","title":"Saint
        Helena, Ascension and Tristan da Cunha","gbifRegion":"AFRICA","enumName":"SAINT_HELENA_ASCENSION_TRISTAN_DA_CUNHA"},{"iso2":"KN","iso3":"KNA","isoNumerical":"659","title":"Saint
        Kitts and Nevis","gbifRegion":"LATIN_AMERICA","enumName":"SAINT_KITTS_NEVIS"},{"iso2":"LC","iso3":"LCA","isoNumerical":"662","title":"Saint
        Lucia","gbifRegion":"LATIN_AMERICA","enumName":"SAINT_LUCIA"},{"iso2":"MF","iso3":"MAF","isoNumerical":"663","title":"Saint
        Martin (French part)","gbifRegion":"LATIN_AMERICA","enumName":"SAINT_MARTIN_FRENCH"},{"iso2":"PM","iso3":"SPM","isoNumerical":"666","title":"Saint
        Pierre and Miquelon","gbifRegion":"NORTH_AMERICA","enumName":"SAINT_PIERRE_MIQUELON"},{"iso2":"VC","iso3":"VCT","isoNumerical":"670","title":"Saint
        Vincent and the Grenadines","gbifRegion":"LATIN_AMERICA","enumName":"SAINT_VINCENT_GRENADINES"},{"iso2":"WS","iso3":"WSM","isoNumerical":"882","title":"Samoa","gbifRegion":"OCEANIA","enumName":"SAMOA"},{"iso2":"SM","iso3":"SMR","isoNumerical":"674","title":"San
        Marino","gbifRegion":"EUROPE","enumName":"SAN_MARINO"},{"iso2":"ST","iso3":"STP","isoNumerical":"678","title":"Sao
        Tome and Principe","gbifRegion":"AFRICA","enumName":"SAO_TOME_PRINCIPE"},{"iso2":"SA","iso3":"SAU","isoNumerical":"682","title":"Saudi
        Arabia","gbifRegion":"ASIA","enumName":"SAUDI_ARABIA"},{"iso2":"SN","iso3":"SEN","isoNumerical":"686","title":"Senegal","gbifRegion":"AFRICA","enumName":"SENEGAL"},{"iso2":"RS","iso3":"SRB","isoNumerical":"688","title":"Serbia","gbifRegion":"EUROPE","enumName":"SERBIA"},{"iso2":"SC","iso3":"SYC","isoNumerical":"690","title":"Seychelles","gbifRegion":"AFRICA","enumName":"SEYCHELLES"},{"iso2":"SL","iso3":"SLE","isoNumerical":"694","title":"Sierra
        Leone","gbifRegion":"AFRICA","enumName":"SIERRA_LEONE"},{"iso2":"SG","iso3":"SGP","isoNumerical":"702","title":"Singapore","gbifRegion":"ASIA","enumName":"SINGAPORE"},{"iso2":"SX","iso3":"SXM","isoNumerical":"534","title":"Sint
        Maarten (Dutch part)","gbifRegion":"LATIN_AMERICA","enumName":"SINT_MAARTEN"},{"iso2":"SK","iso3":"SVK","isoNumerical":"703","title":"Slovakia","gbifRegion":"EUROPE","enumName":"SLOVAKIA"},{"iso2":"SI","iso3":"SVN","isoNumerical":"705","title":"Slovenia","gbifRegion":"EUROPE","enumName":"SLOVENIA"},{"iso2":"SB","iso3":"SLB","isoNumerical":"90","title":"Solomon
        Islands","gbifRegion":"OCEANIA","enumName":"SOLOMON_ISLANDS"},{"iso2":"SO","iso3":"SOM","isoNumerical":"706","title":"Somalia","gbifRegion":"AFRICA","enumName":"SOMALIA"},{"iso2":"ZA","iso3":"ZAF","isoNumerical":"710","title":"South
        Africa","gbifRegion":"AFRICA","enumName":"SOUTH_AFRICA"},{"iso2":"GS","iso3":"SGS","isoNumerical":"239","title":"South
        Georgia and the South Sandwich Islands","gbifRegion":"ANTARCTICA","enumName":"SOUTH_GEORGIA_SANDWICH_ISLANDS"},{"iso2":"SS","iso3":"SSD","isoNumerical":"728","title":"South
        Sudan","gbifRegion":"AFRICA","enumName":"SOUTH_SUDAN"},{"iso2":"ES","iso3":"ESP","isoNumerical":"724","title":"Spain","gbifRegion":"EUROPE","enumName":"SPAIN"},{"iso2":"LK","iso3":"LKA","isoNumerical":"144","title":"Sri
        Lanka","gbifRegion":"ASIA","enumName":"SRI_LANKA"},{"iso2":"SD","iso3":"SDN","isoNumerical":"729","title":"Sudan","gbifRegion":"AFRICA","enumName":"SUDAN"},{"iso2":"SR","iso3":"SUR","isoNumerical":"740","title":"Suriname","gbifRegion":"LATIN_AMERICA","enumName":"SURINAME"},{"iso2":"SJ","iso3":"SJM","isoNumerical":"744","title":"Svalbard
        and Jan Mayen","gbifRegion":"EUROPE","enumName":"SVALBARD_JAN_MAYEN"},{"iso2":"SZ","iso3":"SWZ","isoNumerical":"748","title":"Eswatini","gbifRegion":"AFRICA","enumName":"SWAZILAND"},{"iso2":"SE","iso3":"SWE","isoNumerical":"752","title":"Sweden","gbifRegion":"EUROPE","enumName":"SWEDEN"},{"iso2":"CH","iso3":"CHE","isoNumerical":"756","title":"Switzerland","gbifRegion":"EUROPE","enumName":"SWITZERLAND"},{"iso2":"SY","iso3":"SYR","isoNumerical":"760","title":"Syrian
        Arab Republic","gbifRegion":"ASIA","enumName":"SYRIA"},{"iso2":"TW","iso3":"TWN","isoNumerical":"158","title":"Chinese
        Taipei","gbifRegion":"ASIA","enumName":"TAIWAN"},{"iso2":"TJ","iso3":"TJK","isoNumerical":"762","title":"Tajikistan","gbifRegion":"EUROPE","enumName":"TAJIKISTAN"},{"iso2":"TZ","iso3":"TZA","isoNumerical":"834","title":"Tanzania,
        United Republic of","gbifRegion":"AFRICA","enumName":"TANZANIA"},{"iso2":"TH","iso3":"THA","isoNumerical":"764","title":"Thailand","gbifRegion":"ASIA","enumName":"THAILAND"},{"iso2":"TL","iso3":"TLS","isoNumerical":"626","title":"Timor-Leste","gbifRegion":"ASIA","enumName":"TIMOR_LESTE"},{"iso2":"TG","iso3":"TGO","isoNumerical":"768","title":"Togo","gbifRegion":"AFRICA","enumName":"TOGO"},{"iso2":"TK","iso3":"TKL","isoNumerical":"772","title":"Tokelau","gbifRegion":"OCEANIA","enumName":"TOKELAU"},{"iso2":"TO","iso3":"TON","isoNumerical":"776","title":"Tonga","gbifRegion":"OCEANIA","enumName":"TONGA"},{"iso2":"TT","iso3":"TTO","isoNumerical":"780","title":"Trinidad
        and Tobago","gbifRegion":"LATIN_AMERICA","enumName":"TRINIDAD_TOBAGO"},{"iso2":"TN","iso3":"TUN","isoNumerical":"788","title":"Tunisia","gbifRegion":"AFRICA","enumName":"TUNISIA"},{"iso2":"TR","iso3":"TUR","isoNumerical":"792","title":"Türkiye","gbifRegion":"EUROPE","enumName":"TURKEY"},{"iso2":"TM","iso3":"TKM","isoNumerical":"795","title":"Turkmenistan","gbifRegion":"EUROPE","enumName":"TURKMENISTAN"},{"iso2":"TC","iso3":"TCA","isoNumerical":"796","title":"Turks
        and Caicos Islands","gbifRegion":"LATIN_AMERICA","enumName":"TURKS_CAICOS_ISLANDS"},{"iso2":"TV","iso3":"TUV","isoNumerical":"798","title":"Tuvalu","gbifRegion":"OCEANIA","enumName":"TUVALU"},{"iso2":"UG","iso3":"UGA","isoNumerical":"800","title":"Uganda","gbifRegion":"AFRICA","enumName":"UGANDA"},{"iso2":"UA","iso3":"UKR","isoNumerical":"804","title":"Ukraine","gbifRegion":"EUROPE","enumName":"UKRAINE"},{"iso2":"AE","iso3":"ARE","isoNumerical":"784","title":"United
        Arab Emirates","gbifRegion":"ASIA","enumName":"UNITED_ARAB_EMIRATES"},{"iso2":"GB","iso3":"GBR","isoNumerical":"826","title":"United
        Kingdom of Great Britain and Northern Ireland","gbifRegion":"EUROPE","enumName":"UNITED_KINGDOM"},{"iso2":"US","iso3":"USA","isoNumerical":"840","title":"United
        States of America","gbifRegion":"NORTH_AMERICA","enumName":"UNITED_STATES"},{"iso2":"UM","iso3":"UMI","isoNumerical":"581","title":"United
        States Minor Outlying Islands","gbifRegion":"OCEANIA","enumName":"UNITED_STATES_OUTLYING_ISLANDS"},{"iso2":"UY","iso3":"URY","isoNumerical":"858","title":"Uruguay","gbifRegion":"LATIN_AMERICA","enumName":"URUGUAY"},{"iso2":"UZ","iso3":"UZB","isoNumerical":"860","title":"Uzbekistan","gbifRegion":"EUROPE","enumName":"UZBEKISTAN"},{"iso2":"VU","iso3":"VUT","isoNumerical":"548","title":"Vanuatu","gbifRegion":"OCEANIA","enumName":"VANUATU"},{"iso2":"VE","iso3":"VEN","isoNumerical":"862","title":"Venezuela
        (Bolivarian Republic of)","gbifRegion":"LATIN_AMERICA","enumName":"VENEZUELA"},{"iso2":"VN","iso3":"VNM","isoNumerical":"704","title":"Viet
        Nam","gbifRegion":"ASIA","enumName":"VIETNAM"},{"iso2":"VG","iso3":"VGB","isoNumerical":"92","title":"Virgin
        Islands (British)","gbifRegion":"LATIN_AMERICA","enumName":"VIRGIN_ISLANDS_BRITISH"},{"iso2":"VI","iso3":"VIR","isoNumerical":"850","title":"Virgin
        Islands (U.S.)","gbifRegion":"LATIN_AMERICA","enumName":"VIRGIN_ISLANDS"},{"iso2":"WF","iso3":"WLF","isoNumerical":"876","title":"Wallis
        and Futuna","gbifRegion":"OCEANIA","enumName":"WALLIS_FUTUNA"},{"iso2":"EH","iso3":"ESH","isoNumerical":"732","title":"Western
        Sahara","gbifRegion":"AFRICA","enumName":"WESTERN_SAHARA"},{"iso2":"YE","iso3":"YEM","isoNumerical":"887","title":"Yemen","gbifRegion":"ASIA","enumName":"YEMEN"},{"iso2":"ZM","iso3":"ZMB","isoNumerical":"894","title":"Zambia","gbifRegion":"AFRICA","enumName":"ZAMBIA"},{"iso2":"ZW","iso3":"ZWE","isoNumerical":"716","title":"Zimbabwe","gbifRegion":"AFRICA","enumName":"ZIMBABWE"},{"iso2":"XK","iso3":"XKX","isoNumerical":"902","title":"Kosovo","gbifRegion":"EUROPE","enumName":"KOSOVO"}]'
  recorded_at: 2023-03-06 13:39:02 GMT
  recorded_with: vcr/1.2.0, webmockr/0.8.2
- request:
    method: get
    uri: https://api.gbif.org/v1/occurrence/counts/publishingCountries?country=DK
    body:
      encoding: ''
      string: ''
    headers:
      Accept-Encoding: gzip, deflate
      Accept: application/json, text/xml, application/xml, */*
  response:
    status:
      status_code: '200'
      message: OK
      explanation: Request fulfilled, document follows
    headers:
      status: HTTP/1.1 200 OK
      content-type: application/json
    body:
      encoding: ''
      file: no
      string: '{"DENMARK":49586528,"UNITED_STATES":391567,"UNITED_KINGDOM":367032,"SWEDEN":106523,"NETHERLANDS":66585,"GERMANY":63525,"FRANCE":55243,"ESTONIA":47710,"FINLAND":39906,"NORWAY":31928,"COLOMBIA":7370,"AUSTRALIA":5880,"SPAIN":4675,"CANADA":3958,"BELGIUM":3925,"SWITZERLAND":2429,"POLAND":2342,"RUSSIAN_FEDERATION":1676,"NEW_ZEALAND":1599,"JAPAN":1380,"BRAZIL":939,"CHINA":913,"CZECH_REPUBLIC":655,"AUSTRIA":572,"PORTUGAL":541,"ARGENTINA":260,"SOUTH_AFRICA":91,"VENEZUELA":78,"MEXICO":39,"ITALY":27,"PANAMA":26,"BULGARIA":25,"LUXEMBOURG":19,"ISRAEL":13,"TAIWAN":12,"COSTA_RICA":2,"ECUADOR":1}'
  recorded_at: 2023-03-06 13:39:02 GMT
  recorded_with: vcr/1.2.0, webmockr/0.8.2
- request:
    method: get
    uri: https://api.gbif.org/v1/enumeration/country/
    body:
      encoding: ''
      string: ''
    headers:
      Accept-Encoding: gzip, deflate
      Accept: application/json, text/xml, application/xml, */*
  response:
    status:
      status_code: '200'
      message: OK
      explanation: Request fulfilled, document follows
    headers:
      status: HTTP/1.1 200 OK
      content-type: application/json
    body:
      encoding: ''
      file: no
      string: '[{"iso2":"AF","iso3":"AFG","isoNumerical":"4","title":"Afghanistan","gbifRegion":"ASIA","enumName":"AFGHANISTAN"},{"iso2":"AX","iso3":"ALA","isoNumerical":"248","title":"Åland
        Islands","gbifRegion":"EUROPE","enumName":"ALAND_ISLANDS"},{"iso2":"AL","iso3":"ALB","isoNumerical":"8","title":"Albania","gbifRegion":"EUROPE","enumName":"ALBANIA"},{"iso2":"DZ","iso3":"DZA","isoNumerical":"12","title":"Algeria","gbifRegion":"AFRICA","enumName":"ALGERIA"},{"iso2":"AS","iso3":"ASM","isoNumerical":"16","title":"American
        Samoa","gbifRegion":"OCEANIA","enumName":"AMERICAN_SAMOA"},{"iso2":"AD","iso3":"AND","isoNumerical":"20","title":"Andorra","gbifRegion":"EUROPE","enumName":"ANDORRA"},{"iso2":"AO","iso3":"AGO","isoNumerical":"24","title":"Angola","gbifRegion":"AFRICA","enumName":"ANGOLA"},{"iso2":"AI","iso3":"AIA","isoNumerical":"660","title":"Anguilla","gbifRegion":"LATIN_AMERICA","enumName":"ANGUILLA"},{"iso2":"AQ","iso3":"ATA","isoNumerical":"10","title":"Antarctica","gbifRegion":"ANTARCTICA","enumName":"ANTARCTICA"},{"iso2":"AG","iso3":"ATG","isoNumerical":"28","title":"Antigua
        and Barbuda","gbifRegion":"LATIN_AMERICA","enumName":"ANTIGUA_BARBUDA"},{"iso2":"AR","iso3":"ARG","isoNumerical":"32","title":"Argentina","gbifRegion":"LATIN_AMERICA","enumName":"ARGENTINA"},{"iso2":"AM","iso3":"ARM","isoNumerical":"51","title":"Armenia","gbifRegion":"EUROPE","enumName":"ARMENIA"},{"iso2":"AW","iso3":"ABW","isoNumerical":"533","title":"Aruba","gbifRegion":"LATIN_AMERICA","enumName":"ARUBA"},{"iso2":"AU","iso3":"AUS","isoNumerical":"36","title":"Australia","gbifRegion":"OCEANIA","enumName":"AUSTRALIA"},{"iso2":"AT","iso3":"AUT","isoNumerical":"40","title":"Austria","gbifRegion":"EUROPE","enumName":"AUSTRIA"},{"iso2":"AZ","iso3":"AZE","isoNumerical":"31","title":"Azerbaijan","gbifRegion":"EUROPE","enumName":"AZERBAIJAN"},{"iso2":"BS","iso3":"BHS","isoNumerical":"44","title":"Bahamas","gbifRegion":"LATIN_AMERICA","enumName":"BAHAMAS"},{"iso2":"BH","iso3":"BHR","isoNumerical":"48","title":"Bahrain","gbifRegion":"ASIA","enumName":"BAHRAIN"},{"iso2":"BD","iso3":"BGD","isoNumerical":"50","title":"Bangladesh","gbifRegion":"ASIA","enumName":"BANGLADESH"},{"iso2":"BB","iso3":"BRB","isoNumerical":"52","title":"Barbados","gbifRegion":"LATIN_AMERICA","enumName":"BARBADOS"},{"iso2":"BY","iso3":"BLR","isoNumerical":"112","title":"Belarus","gbifRegion":"EUROPE","enumName":"BELARUS"},{"iso2":"BE","iso3":"BEL","isoNumerical":"56","title":"Belgium","gbifRegion":"EUROPE","enumName":"BELGIUM"},{"iso2":"BZ","iso3":"BLZ","isoNumerical":"84","title":"Belize","gbifRegion":"LATIN_AMERICA","enumName":"BELIZE"},{"iso2":"BJ","iso3":"BEN","isoNumerical":"204","title":"Benin","gbifRegion":"AFRICA","enumName":"BENIN"},{"iso2":"BM","iso3":"BMU","isoNumerical":"60","title":"Bermuda","gbifRegion":"LATIN_AMERICA","enumName":"BERMUDA"},{"iso2":"BT","iso3":"BTN","isoNumerical":"64","title":"Bhutan","gbifRegion":"ASIA","enumName":"BHUTAN"},{"iso2":"BO","iso3":"BOL","isoNumerical":"68","title":"Bolivia
        (Plurinational State of)","gbifRegion":"LATIN_AMERICA","enumName":"BOLIVIA"},{"iso2":"BQ","iso3":"BES","isoNumerical":"535","title":"Bonaire,
        Sint Eustatius and Saba","gbifRegion":"LATIN_AMERICA","enumName":"BONAIRE_SINT_EUSTATIUS_SABA"},{"iso2":"BA","iso3":"BIH","isoNumerical":"70","title":"Bosnia
        and Herzegovina","gbifRegion":"EUROPE","enumName":"BOSNIA_HERZEGOVINA"},{"iso2":"BW","iso3":"BWA","isoNumerical":"72","title":"Botswana","gbifRegion":"AFRICA","enumName":"BOTSWANA"},{"iso2":"BV","iso3":"BVT","isoNumerical":"74","title":"Bouvet
        Island","gbifRegion":"ANTARCTICA","enumName":"BOUVET_ISLAND"},{"iso2":"BR","iso3":"BRA","isoNumerical":"76","title":"Brazil","gbifRegion":"LATIN_AMERICA","enumName":"BRAZIL"},{"iso2":"IO","iso3":"IOT","isoNumerical":"86","title":"British
        Indian Ocean Territory","gbifRegion":"ASIA","enumName":"BRITISH_INDIAN_OCEAN_TERRITORY"},{"iso2":"BN","iso3":"BRN","isoNumerical":"96","title":"Brunei
        Darussalam","gbifRegion":"ASIA","enumName":"BRUNEI_DARUSSALAM"},{"iso2":"BG","iso3":"BGR","isoNumerical":"100","title":"Bulgaria","gbifRegion":"EUROPE","enumName":"BULGARIA"},{"iso2":"BF","iso3":"BFA","isoNumerical":"854","title":"Burkina
        Faso","gbifRegion":"AFRICA","enumName":"BURKINA_FASO"},{"iso2":"BI","iso3":"BDI","isoNumerical":"108","title":"Burundi","gbifRegion":"AFRICA","enumName":"BURUNDI"},{"iso2":"KH","iso3":"KHM","isoNumerical":"116","title":"Cambodia","gbifRegion":"ASIA","enumName":"CAMBODIA"},{"iso2":"CM","iso3":"CMR","isoNumerical":"120","title":"Cameroon","gbifRegion":"AFRICA","enumName":"CAMEROON"},{"iso2":"CA","iso3":"CAN","isoNumerical":"124","title":"Canada","gbifRegion":"NORTH_AMERICA","enumName":"CANADA"},{"iso2":"CV","iso3":"CPV","isoNumerical":"132","title":"Cabo
        Verde","gbifRegion":"AFRICA","enumName":"CAPE_VERDE"},{"iso2":"KY","iso3":"CYM","isoNumerical":"136","title":"Cayman
        Islands","gbifRegion":"LATIN_AMERICA","enumName":"CAYMAN_ISLANDS"},{"iso2":"CF","iso3":"CAF","isoNumerical":"140","title":"Central
        African Republic","gbifRegion":"AFRICA","enumName":"CENTRAL_AFRICAN_REPUBLIC"},{"iso2":"TD","iso3":"TCD","isoNumerical":"148","title":"Chad","gbifRegion":"AFRICA","enumName":"CHAD"},{"iso2":"CL","iso3":"CHL","isoNumerical":"152","title":"Chile","gbifRegion":"LATIN_AMERICA","enumName":"CHILE"},{"iso2":"CN","iso3":"CHN","isoNumerical":"156","title":"China","gbifRegion":"ASIA","enumName":"CHINA"},{"iso2":"CX","iso3":"CXR","isoNumerical":"162","title":"Christmas
        Island","gbifRegion":"ASIA","enumName":"CHRISTMAS_ISLAND"},{"iso2":"CC","iso3":"CCK","isoNumerical":"166","title":"Cocos
        (Keeling) Islands","gbifRegion":"ASIA","enumName":"COCOS_ISLANDS"},{"iso2":"CO","iso3":"COL","isoNumerical":"170","title":"Colombia","gbifRegion":"LATIN_AMERICA","enumName":"COLOMBIA"},{"iso2":"KM","iso3":"COM","isoNumerical":"174","title":"Comoros","gbifRegion":"AFRICA","enumName":"COMOROS"},{"iso2":"CD","iso3":"COD","isoNumerical":"180","title":"Congo,
        Democratic Republic of the","gbifRegion":"AFRICA","enumName":"CONGO_DEMOCRATIC_REPUBLIC"},{"iso2":"CG","iso3":"COG","isoNumerical":"178","title":"Congo","gbifRegion":"AFRICA","enumName":"CONGO"},{"iso2":"CK","iso3":"COK","isoNumerical":"184","title":"Cook
        Islands","gbifRegion":"OCEANIA","enumName":"COOK_ISLANDS"},{"iso2":"CR","iso3":"CRI","isoNumerical":"188","title":"Costa
        Rica","gbifRegion":"LATIN_AMERICA","enumName":"COSTA_RICA"},{"iso2":"CI","iso3":"CIV","isoNumerical":"384","title":"Côte
        d’Ivoire","gbifRegion":"AFRICA","enumName":"CÔTE_DIVOIRE"},{"iso2":"HR","iso3":"HRV","isoNumerical":"191","title":"Croatia","gbifRegion":"EUROPE","enumName":"CROATIA"},{"iso2":"CU","iso3":"CUB","isoNumerical":"192","title":"Cuba","gbifRegion":"LATIN_AMERICA","enumName":"CUBA"},{"iso2":"CW","iso3":"CUW","isoNumerical":"531","title":"Curaçao","gbifRegion":"LATIN_AMERICA","enumName":"CURAÇAO"},{"iso2":"CY","iso3":"CYP","isoNumerical":"196","title":"Cyprus","gbifRegion":"EUROPE","enumName":"CYPRUS"},{"iso2":"CZ","iso3":"CZE","isoNumerical":"203","title":"Czechia","gbifRegion":"EUROPE","enumName":"CZECH_REPUBLIC"},{"iso2":"DK","iso3":"DNK","isoNumerical":"208","title":"Denmark","gbifRegion":"EUROPE","enumName":"DENMARK"},{"iso2":"DJ","iso3":"DJI","isoNumerical":"262","title":"Djibouti","gbifRegion":"AFRICA","enumName":"DJIBOUTI"},{"iso2":"DM","iso3":"DMA","isoNumerical":"212","title":"Dominica","gbifRegion":"LATIN_AMERICA","enumName":"DOMINICA"},{"iso2":"DO","iso3":"DOM","isoNumerical":"214","title":"Dominican
        Republic","gbifRegion":"LATIN_AMERICA","enumName":"DOMINICAN_REPUBLIC"},{"iso2":"EC","iso3":"ECU","isoNumerical":"218","title":"Ecuador","gbifRegion":"LATIN_AMERICA","enumName":"ECUADOR"},{"iso2":"EG","iso3":"EGY","isoNumerical":"818","title":"Egypt","gbifRegion":"AFRICA","enumName":"EGYPT"},{"iso2":"SV","iso3":"SLV","isoNumerical":"222","title":"El
        Salvador","gbifRegion":"LATIN_AMERICA","enumName":"EL_SALVADOR"},{"iso2":"GQ","iso3":"GNQ","isoNumerical":"226","title":"Equatorial
        Guinea","gbifRegion":"AFRICA","enumName":"EQUATORIAL_GUINEA"},{"iso2":"ER","iso3":"ERI","isoNumerical":"232","title":"Eritrea","gbifRegion":"AFRICA","enumName":"ERITREA"},{"iso2":"EE","iso3":"EST","isoNumerical":"233","title":"Estonia","gbifRegion":"EUROPE","enumName":"ESTONIA"},{"iso2":"ET","iso3":"ETH","isoNumerical":"231","title":"Ethiopia","gbifRegion":"AFRICA","enumName":"ETHIOPIA"},{"iso2":"FK","iso3":"FLK","isoNumerical":"238","title":"Falkland
        Islands (Malvinas)","gbifRegion":"LATIN_AMERICA","enumName":"FALKLAND_ISLANDS"},{"iso2":"FO","iso3":"FRO","isoNumerical":"234","title":"Faroe
        Islands","gbifRegion":"EUROPE","enumName":"FAROE_ISLANDS"},{"iso2":"FJ","iso3":"FJI","isoNumerical":"242","title":"Fiji","gbifRegion":"OCEANIA","enumName":"FIJI"},{"iso2":"FI","iso3":"FIN","isoNumerical":"246","title":"Finland","gbifRegion":"EUROPE","enumName":"FINLAND"},{"iso2":"FR","iso3":"FRA","isoNumerical":"250","title":"France","gbifRegion":"EUROPE","enumName":"FRANCE"},{"iso2":"GF","iso3":"GUF","isoNumerical":"254","title":"French
        Guiana","gbifRegion":"LATIN_AMERICA","enumName":"FRENCH_GUIANA"},{"iso2":"PF","iso3":"PYF","isoNumerical":"258","title":"French
        Polynesia","gbifRegion":"OCEANIA","enumName":"FRENCH_POLYNESIA"},{"iso2":"TF","iso3":"ATF","isoNumerical":"260","title":"French
        Southern Territories","gbifRegion":"ANTARCTICA","enumName":"FRENCH_SOUTHERN_TERRITORIES"},{"iso2":"GA","iso3":"GAB","isoNumerical":"266","title":"Gabon","gbifRegion":"AFRICA","enumName":"GABON"},{"iso2":"GM","iso3":"GMB","isoNumerical":"270","title":"Gambia","gbifRegion":"AFRICA","enumName":"GAMBIA"},{"iso2":"GE","iso3":"GEO","isoNumerical":"268","title":"Georgia","gbifRegion":"EUROPE","enumName":"GEORGIA"},{"iso2":"DE","iso3":"DEU","isoNumerical":"276","title":"Germany","gbifRegion":"EUROPE","enumName":"GERMANY"},{"iso2":"GH","iso3":"GHA","isoNumerical":"288","title":"Ghana","gbifRegion":"AFRICA","enumName":"GHANA"},{"iso2":"GI","iso3":"GIB","isoNumerical":"292","title":"Gibraltar","gbifRegion":"EUROPE","enumName":"GIBRALTAR"},{"iso2":"GR","iso3":"GRC","isoNumerical":"300","title":"Greece","gbifRegion":"EUROPE","enumName":"GREECE"},{"iso2":"GL","iso3":"GRL","isoNumerical":"304","title":"Greenland","gbifRegion":"NORTH_AMERICA","enumName":"GREENLAND"},{"iso2":"GD","iso3":"GRD","isoNumerical":"308","title":"Grenada","gbifRegion":"LATIN_AMERICA","enumName":"GRENADA"},{"iso2":"GP","iso3":"GLP","isoNumerical":"312","title":"Guadeloupe","gbifRegion":"LATIN_AMERICA","enumName":"GUADELOUPE"},{"iso2":"GU","iso3":"GUM","isoNumerical":"316","title":"Guam","gbifRegion":"OCEANIA","enumName":"GUAM"},{"iso2":"GT","iso3":"GTM","isoNumerical":"320","title":"Guatemala","gbifRegion":"LATIN_AMERICA","enumName":"GUATEMALA"},{"iso2":"GG","iso3":"GGY","isoNumerical":"831","title":"Guernsey","gbifRegion":"EUROPE","enumName":"GUERNSEY"},{"iso2":"GN","iso3":"GIN","isoNumerical":"324","title":"Guinea","gbifRegion":"AFRICA","enumName":"GUINEA"},{"iso2":"GW","iso3":"GNB","isoNumerical":"624","title":"Guinea-Bissau","gbifRegion":"AFRICA","enumName":"GUINEA_BISSAU"},{"iso2":"GY","iso3":"GUY","isoNumerical":"328","title":"Guyana","gbifRegion":"LATIN_AMERICA","enumName":"GUYANA"},{"iso2":"HT","iso3":"HTI","isoNumerical":"332","title":"Haiti","gbifRegion":"LATIN_AMERICA","enumName":"HAITI"},{"iso2":"HM","iso3":"HMD","isoNumerical":"334","title":"Heard
        Island and McDonald Islands","gbifRegion":"ANTARCTICA","enumName":"HEARD_MCDONALD_ISLANDS"},{"iso2":"VA","iso3":"VAT","isoNumerical":"336","title":"Holy
        See","gbifRegion":"EUROPE","enumName":"VATICAN"},{"iso2":"HN","iso3":"HND","isoNumerical":"340","title":"Honduras","gbifRegion":"LATIN_AMERICA","enumName":"HONDURAS"},{"iso2":"HK","iso3":"HKG","isoNumerical":"344","title":"Hong
        Kong","gbifRegion":"ASIA","enumName":"HONG_KONG"},{"iso2":"HU","iso3":"HUN","isoNumerical":"348","title":"Hungary","gbifRegion":"EUROPE","enumName":"HUNGARY"},{"iso2":"IS","iso3":"ISL","isoNumerical":"352","title":"Iceland","gbifRegion":"EUROPE","enumName":"ICELAND"},{"iso2":"IN","iso3":"IND","isoNumerical":"356","title":"India","gbifRegion":"ASIA","enumName":"INDIA"},{"iso2":"ID","iso3":"IDN","isoNumerical":"360","title":"Indonesia","gbifRegion":"ASIA","enumName":"INDONESIA"},{"iso2":"IR","iso3":"IRN","isoNumerical":"364","title":"Iran
        (Islamic Republic of)","gbifRegion":"ASIA","enumName":"IRAN"},{"iso2":"IQ","iso3":"IRQ","isoNumerical":"368","title":"Iraq","gbifRegion":"ASIA","enumName":"IRAQ"},{"iso2":"IE","iso3":"IRL","isoNumerical":"372","title":"Ireland","gbifRegion":"EUROPE","enumName":"IRELAND"},{"iso2":"IM","iso3":"IMN","isoNumerical":"833","title":"Isle
        of Man","gbifRegion":"EUROPE","enumName":"ISLE_OF_MAN"},{"iso2":"IL","iso3":"ISR","isoNumerical":"376","title":"Israel","gbifRegion":"EUROPE","enumName":"ISRAEL"},{"iso2":"IT","iso3":"ITA","isoNumerical":"380","title":"Italy","gbifRegion":"EUROPE","enumName":"ITALY"},{"iso2":"JM","iso3":"JAM","isoNumerical":"388","title":"Jamaica","gbifRegion":"LATIN_AMERICA","enumName":"JAMAICA"},{"iso2":"JP","iso3":"JPN","isoNumerical":"392","title":"Japan","gbifRegion":"ASIA","enumName":"JAPAN"},{"iso2":"JE","iso3":"JEY","isoNumerical":"832","title":"Jersey","gbifRegion":"EUROPE","enumName":"JERSEY"},{"iso2":"JO","iso3":"JOR","isoNumerical":"400","title":"Jordan","gbifRegion":"ASIA","enumName":"JORDAN"},{"iso2":"KZ","iso3":"KAZ","isoNumerical":"398","title":"Kazakhstan","gbifRegion":"EUROPE","enumName":"KAZAKHSTAN"},{"iso2":"KE","iso3":"KEN","isoNumerical":"404","title":"Kenya","gbifRegion":"AFRICA","enumName":"KENYA"},{"iso2":"KI","iso3":"KIR","isoNumerical":"296","title":"Kiribati","gbifRegion":"OCEANIA","enumName":"KIRIBATI"},{"iso2":"KP","iso3":"PRK","isoNumerical":"408","title":"Korea
        (Democratic People’s Republic of)","gbifRegion":"ASIA","enumName":"KOREA_NORTH"},{"iso2":"KR","iso3":"KOR","isoNumerical":"410","title":"Korea,
        Republic of","gbifRegion":"ASIA","enumName":"KOREA_SOUTH"},{"iso2":"KW","iso3":"KWT","isoNumerical":"414","title":"Kuwait","gbifRegion":"ASIA","enumName":"KUWAIT"},{"iso2":"KG","iso3":"KGZ","isoNumerical":"417","title":"Kyrgyzstan","gbifRegion":"EUROPE","enumName":"KYRGYZSTAN"},{"iso2":"LA","iso3":"LAO","isoNumerical":"418","title":"Lao
        People’s Democratic Republic","gbifRegion":"ASIA","enumName":"LAO"},{"iso2":"LV","iso3":"LVA","isoNumerical":"428","title":"Latvia","gbifRegion":"EUROPE","enumName":"LATVIA"},{"iso2":"LB","iso3":"LBN","isoNumerical":"422","title":"Lebanon","gbifRegion":"ASIA","enumName":"LEBANON"},{"iso2":"LS","iso3":"LSO","isoNumerical":"426","title":"Lesotho","gbifRegion":"AFRICA","enumName":"LESOTHO"},{"iso2":"LR","iso3":"LBR","isoNumerical":"430","title":"Liberia","gbifRegion":"AFRICA","enumName":"LIBERIA"},{"iso2":"LY","iso3":"LBY","isoNumerical":"434","title":"Libya","gbifRegion":"AFRICA","enumName":"LIBYA"},{"iso2":"LI","iso3":"LIE","isoNumerical":"438","title":"Liechtenstein","gbifRegion":"EUROPE","enumName":"LIECHTENSTEIN"},{"iso2":"LT","iso3":"LTU","isoNumerical":"440","title":"Lithuania","gbifRegion":"EUROPE","enumName":"LITHUANIA"},{"iso2":"LU","iso3":"LUX","isoNumerical":"442","title":"Luxembourg","gbifRegion":"EUROPE","enumName":"LUXEMBOURG"},{"iso2":"MO","iso3":"MAC","isoNumerical":"446","title":"Macao","gbifRegion":"ASIA","enumName":"MACAO"},{"iso2":"MK","iso3":"MKD","isoNumerical":"807","title":"North
        Macedonia","gbifRegion":"EUROPE","enumName":"MACEDONIA"},{"iso2":"MG","iso3":"MDG","isoNumerical":"450","title":"Madagascar","gbifRegion":"AFRICA","enumName":"MADAGASCAR"},{"iso2":"MW","iso3":"MWI","isoNumerical":"454","title":"Malawi","gbifRegion":"AFRICA","enumName":"MALAWI"},{"iso2":"MY","iso3":"MYS","isoNumerical":"458","title":"Malaysia","gbifRegion":"ASIA","enumName":"MALAYSIA"},{"iso2":"MV","iso3":"MDV","isoNumerical":"462","title":"Maldives","gbifRegion":"ASIA","enumName":"MALDIVES"},{"iso2":"ML","iso3":"MLI","isoNumerical":"466","title":"Mali","gbifRegion":"AFRICA","enumName":"MALI"},{"iso2":"MT","iso3":"MLT","isoNumerical":"470","title":"Malta","gbifRegion":"EUROPE","enumName":"MALTA"},{"iso2":"MH","iso3":"MHL","isoNumerical":"584","title":"Marshall
        Islands","gbifRegion":"OCEANIA","enumName":"MARSHALL_ISLANDS"},{"iso2":"MQ","iso3":"MTQ","isoNumerical":"474","title":"Martinique","gbifRegion":"LATIN_AMERICA","enumName":"MARTINIQUE"},{"iso2":"MR","iso3":"MRT","isoNumerical":"478","title":"Mauritania","gbifRegion":"AFRICA","enumName":"MAURITANIA"},{"iso2":"MU","iso3":"MUS","isoNumerical":"480","title":"Mauritius","gbifRegion":"AFRICA","enumName":"MAURITIUS"},{"iso2":"YT","iso3":"MYT","isoNumerical":"175","title":"Mayotte","gbifRegion":"AFRICA","enumName":"MAYOTTE"},{"iso2":"MX","iso3":"MEX","isoNumerical":"484","title":"Mexico","gbifRegion":"LATIN_AMERICA","enumName":"MEXICO"},{"iso2":"FM","iso3":"FSM","isoNumerical":"583","title":"Micronesia
        (Federated States of)","gbifRegion":"OCEANIA","enumName":"MICRONESIA"},{"iso2":"MD","iso3":"MDA","isoNumerical":"498","title":"Moldova,
        Republic of","gbifRegion":"EUROPE","enumName":"MOLDOVA"},{"iso2":"MC","iso3":"MCO","isoNumerical":"492","title":"Monaco","gbifRegion":"EUROPE","enumName":"MONACO"},{"iso2":"MN","iso3":"MNG","isoNumerical":"496","title":"Mongolia","gbifRegion":"ASIA","enumName":"MONGOLIA"},{"iso2":"ME","iso3":"MNE","isoNumerical":"499","title":"Montenegro","gbifRegion":"EUROPE","enumName":"MONTENEGRO"},{"iso2":"MS","iso3":"MSR","isoNumerical":"500","title":"Montserrat","gbifRegion":"LATIN_AMERICA","enumName":"MONTSERRAT"},{"iso2":"MA","iso3":"MAR","isoNumerical":"504","title":"Morocco","gbifRegion":"AFRICA","enumName":"MOROCCO"},{"iso2":"MZ","iso3":"MOZ","isoNumerical":"508","title":"Mozambique","gbifRegion":"AFRICA","enumName":"MOZAMBIQUE"},{"iso2":"MM","iso3":"MMR","isoNumerical":"104","title":"Myanmar","gbifRegion":"ASIA","enumName":"MYANMAR"},{"iso2":"NA","iso3":"NAM","isoNumerical":"516","title":"Namibia","gbifRegion":"AFRICA","enumName":"NAMIBIA"},{"iso2":"NR","iso3":"NRU","isoNumerical":"520","title":"Nauru","gbifRegion":"OCEANIA","enumName":"NAURU"},{"iso2":"NP","iso3":"NPL","isoNumerical":"524","title":"Nepal","gbifRegion":"ASIA","enumName":"NEPAL"},{"iso2":"NL","iso3":"NLD","isoNumerical":"528","title":"Netherlands","gbifRegion":"EUROPE","enumName":"NETHERLANDS"},{"iso2":"NC","iso3":"NCL","isoNumerical":"540","title":"New
        Caledonia","gbifRegion":"OCEANIA","enumName":"NEW_CALEDONIA"},{"iso2":"NZ","iso3":"NZL","isoNumerical":"554","title":"New
        Zealand","gbifRegion":"OCEANIA","enumName":"NEW_ZEALAND"},{"iso2":"NI","iso3":"NIC","isoNumerical":"558","title":"Nicaragua","gbifRegion":"LATIN_AMERICA","enumName":"NICARAGUA"},{"iso2":"NE","iso3":"NER","isoNumerical":"562","title":"Niger","gbifRegion":"AFRICA","enumName":"NIGER"},{"iso2":"NG","iso3":"NGA","isoNumerical":"566","title":"Nigeria","gbifRegion":"AFRICA","enumName":"NIGERIA"},{"iso2":"NU","iso3":"NIU","isoNumerical":"570","title":"Niue","gbifRegion":"OCEANIA","enumName":"NIUE"},{"iso2":"NF","iso3":"NFK","isoNumerical":"574","title":"Norfolk
        Island","gbifRegion":"OCEANIA","enumName":"NORFOLK_ISLAND"},{"iso2":"MP","iso3":"MNP","isoNumerical":"580","title":"Northern
        Mariana Islands","gbifRegion":"OCEANIA","enumName":"NORTHERN_MARIANA_ISLANDS"},{"iso2":"NO","iso3":"NOR","isoNumerical":"578","title":"Norway","gbifRegion":"EUROPE","enumName":"NORWAY"},{"iso2":"OM","iso3":"OMN","isoNumerical":"512","title":"Oman","gbifRegion":"ASIA","enumName":"OMAN"},{"iso2":"PK","iso3":"PAK","isoNumerical":"586","title":"Pakistan","gbifRegion":"ASIA","enumName":"PAKISTAN"},{"iso2":"PW","iso3":"PLW","isoNumerical":"585","title":"Palau","gbifRegion":"OCEANIA","enumName":"PALAU"},{"iso2":"PS","iso3":"PSE","isoNumerical":"275","title":"Palestine,
        State of","gbifRegion":"ASIA","enumName":"PALESTINIAN_TERRITORY"},{"iso2":"PA","iso3":"PAN","isoNumerical":"591","title":"Panama","gbifRegion":"LATIN_AMERICA","enumName":"PANAMA"},{"iso2":"PG","iso3":"PNG","isoNumerical":"598","title":"Papua
        New Guinea","gbifRegion":"OCEANIA","enumName":"PAPUA_NEW_GUINEA"},{"iso2":"PY","iso3":"PRY","isoNumerical":"600","title":"Paraguay","gbifRegion":"LATIN_AMERICA","enumName":"PARAGUAY"},{"iso2":"PE","iso3":"PER","isoNumerical":"604","title":"Peru","gbifRegion":"LATIN_AMERICA","enumName":"PERU"},{"iso2":"PH","iso3":"PHL","isoNumerical":"608","title":"Philippines","gbifRegion":"ASIA","enumName":"PHILIPPINES"},{"iso2":"PN","iso3":"PCN","isoNumerical":"612","title":"Pitcairn","gbifRegion":"OCEANIA","enumName":"PITCAIRN"},{"iso2":"PL","iso3":"POL","isoNumerical":"616","title":"Poland","gbifRegion":"EUROPE","enumName":"POLAND"},{"iso2":"PT","iso3":"PRT","isoNumerical":"620","title":"Portugal","gbifRegion":"EUROPE","enumName":"PORTUGAL"},{"iso2":"PR","iso3":"PRI","isoNumerical":"630","title":"Puerto
        Rico","gbifRegion":"LATIN_AMERICA","enumName":"PUERTO_RICO"},{"iso2":"QA","iso3":"QAT","isoNumerical":"634","title":"Qatar","gbifRegion":"ASIA","enumName":"QATAR"},{"iso2":"RE","iso3":"REU","isoNumerical":"638","title":"Réunion","gbifRegion":"AFRICA","enumName":"RÉUNION"},{"iso2":"RO","iso3":"ROU","isoNumerical":"642","title":"Romania","gbifRegion":"EUROPE","enumName":"ROMANIA"},{"iso2":"RU","iso3":"RUS","isoNumerical":"643","title":"Russian
        Federation","gbifRegion":"EUROPE","enumName":"RUSSIAN_FEDERATION"},{"iso2":"RW","iso3":"RWA","isoNumerical":"646","title":"Rwanda","gbifRegion":"AFRICA","enumName":"RWANDA"},{"iso2":"BL","iso3":"BLM","isoNumerical":"652","title":"Saint
        Barthélemy","gbifRegion":"LATIN_AMERICA","enumName":"SAINT_BARTHÉLEMY"},{"iso2":"SH","iso3":"SHN","isoNumerical":"654","title":"Saint
        Helena, Ascension and Tristan da Cunha","gbifRegion":"AFRICA","enumName":"SAINT_HELENA_ASCENSION_TRISTAN_DA_CUNHA"},{"iso2":"KN","iso3":"KNA","isoNumerical":"659","title":"Saint
        Kitts and Nevis","gbifRegion":"LATIN_AMERICA","enumName":"SAINT_KITTS_NEVIS"},{"iso2":"LC","iso3":"LCA","isoNumerical":"662","title":"Saint
        Lucia","gbifRegion":"LATIN_AMERICA","enumName":"SAINT_LUCIA"},{"iso2":"MF","iso3":"MAF","isoNumerical":"663","title":"Saint
        Martin (French part)","gbifRegion":"LATIN_AMERICA","enumName":"SAINT_MARTIN_FRENCH"},{"iso2":"PM","iso3":"SPM","isoNumerical":"666","title":"Saint
        Pierre and Miquelon","gbifRegion":"NORTH_AMERICA","enumName":"SAINT_PIERRE_MIQUELON"},{"iso2":"VC","iso3":"VCT","isoNumerical":"670","title":"Saint
        Vincent and the Grenadines","gbifRegion":"LATIN_AMERICA","enumName":"SAINT_VINCENT_GRENADINES"},{"iso2":"WS","iso3":"WSM","isoNumerical":"882","title":"Samoa","gbifRegion":"OCEANIA","enumName":"SAMOA"},{"iso2":"SM","iso3":"SMR","isoNumerical":"674","title":"San
        Marino","gbifRegion":"EUROPE","enumName":"SAN_MARINO"},{"iso2":"ST","iso3":"STP","isoNumerical":"678","title":"Sao
        Tome and Principe","gbifRegion":"AFRICA","enumName":"SAO_TOME_PRINCIPE"},{"iso2":"SA","iso3":"SAU","isoNumerical":"682","title":"Saudi
        Arabia","gbifRegion":"ASIA","enumName":"SAUDI_ARABIA"},{"iso2":"SN","iso3":"SEN","isoNumerical":"686","title":"Senegal","gbifRegion":"AFRICA","enumName":"SENEGAL"},{"iso2":"RS","iso3":"SRB","isoNumerical":"688","title":"Serbia","gbifRegion":"EUROPE","enumName":"SERBIA"},{"iso2":"SC","iso3":"SYC","isoNumerical":"690","title":"Seychelles","gbifRegion":"AFRICA","enumName":"SEYCHELLES"},{"iso2":"SL","iso3":"SLE","isoNumerical":"694","title":"Sierra
        Leone","gbifRegion":"AFRICA","enumName":"SIERRA_LEONE"},{"iso2":"SG","iso3":"SGP","isoNumerical":"702","title":"Singapore","gbifRegion":"ASIA","enumName":"SINGAPORE"},{"iso2":"SX","iso3":"SXM","isoNumerical":"534","title":"Sint
        Maarten (Dutch part)","gbifRegion":"LATIN_AMERICA","enumName":"SINT_MAARTEN"},{"iso2":"SK","iso3":"SVK","isoNumerical":"703","title":"Slovakia","gbifRegion":"EUROPE","enumName":"SLOVAKIA"},{"iso2":"SI","iso3":"SVN","isoNumerical":"705","title":"Slovenia","gbifRegion":"EUROPE","enumName":"SLOVENIA"},{"iso2":"SB","iso3":"SLB","isoNumerical":"90","title":"Solomon
        Islands","gbifRegion":"OCEANIA","enumName":"SOLOMON_ISLANDS"},{"iso2":"SO","iso3":"SOM","isoNumerical":"706","title":"Somalia","gbifRegion":"AFRICA","enumName":"SOMALIA"},{"iso2":"ZA","iso3":"ZAF","isoNumerical":"710","title":"South
        Africa","gbifRegion":"AFRICA","enumName":"SOUTH_AFRICA"},{"iso2":"GS","iso3":"SGS","isoNumerical":"239","title":"South
        Georgia and the South Sandwich Islands","gbifRegion":"ANTARCTICA","enumName":"SOUTH_GEORGIA_SANDWICH_ISLANDS"},{"iso2":"SS","iso3":"SSD","isoNumerical":"728","title":"South
        Sudan","gbifRegion":"AFRICA","enumName":"SOUTH_SUDAN"},{"iso2":"ES","iso3":"ESP","isoNumerical":"724","title":"Spain","gbifRegion":"EUROPE","enumName":"SPAIN"},{"iso2":"LK","iso3":"LKA","isoNumerical":"144","title":"Sri
        Lanka","gbifRegion":"ASIA","enumName":"SRI_LANKA"},{"iso2":"SD","iso3":"SDN","isoNumerical":"729","title":"Sudan","gbifRegion":"AFRICA","enumName":"SUDAN"},{"iso2":"SR","iso3":"SUR","isoNumerical":"740","title":"Suriname","gbifRegion":"LATIN_AMERICA","enumName":"SURINAME"},{"iso2":"SJ","iso3":"SJM","isoNumerical":"744","title":"Svalbard
        and Jan Mayen","gbifRegion":"EUROPE","enumName":"SVALBARD_JAN_MAYEN"},{"iso2":"SZ","iso3":"SWZ","isoNumerical":"748","title":"Eswatini","gbifRegion":"AFRICA","enumName":"SWAZILAND"},{"iso2":"SE","iso3":"SWE","isoNumerical":"752","title":"Sweden","gbifRegion":"EUROPE","enumName":"SWEDEN"},{"iso2":"CH","iso3":"CHE","isoNumerical":"756","title":"Switzerland","gbifRegion":"EUROPE","enumName":"SWITZERLAND"},{"iso2":"SY","iso3":"SYR","isoNumerical":"760","title":"Syrian
        Arab Republic","gbifRegion":"ASIA","enumName":"SYRIA"},{"iso2":"TW","iso3":"TWN","isoNumerical":"158","title":"Chinese
        Taipei","gbifRegion":"ASIA","enumName":"TAIWAN"},{"iso2":"TJ","iso3":"TJK","isoNumerical":"762","title":"Tajikistan","gbifRegion":"EUROPE","enumName":"TAJIKISTAN"},{"iso2":"TZ","iso3":"TZA","isoNumerical":"834","title":"Tanzania,
        United Republic of","gbifRegion":"AFRICA","enumName":"TANZANIA"},{"iso2":"TH","iso3":"THA","isoNumerical":"764","title":"Thailand","gbifRegion":"ASIA","enumName":"THAILAND"},{"iso2":"TL","iso3":"TLS","isoNumerical":"626","title":"Timor-Leste","gbifRegion":"ASIA","enumName":"TIMOR_LESTE"},{"iso2":"TG","iso3":"TGO","isoNumerical":"768","title":"Togo","gbifRegion":"AFRICA","enumName":"TOGO"},{"iso2":"TK","iso3":"TKL","isoNumerical":"772","title":"Tokelau","gbifRegion":"OCEANIA","enumName":"TOKELAU"},{"iso2":"TO","iso3":"TON","isoNumerical":"776","title":"Tonga","gbifRegion":"OCEANIA","enumName":"TONGA"},{"iso2":"TT","iso3":"TTO","isoNumerical":"780","title":"Trinidad
        and Tobago","gbifRegion":"LATIN_AMERICA","enumName":"TRINIDAD_TOBAGO"},{"iso2":"TN","iso3":"TUN","isoNumerical":"788","title":"Tunisia","gbifRegion":"AFRICA","enumName":"TUNISIA"},{"iso2":"TR","iso3":"TUR","isoNumerical":"792","title":"Türkiye","gbifRegion":"EUROPE","enumName":"TURKEY"},{"iso2":"TM","iso3":"TKM","isoNumerical":"795","title":"Turkmenistan","gbifRegion":"EUROPE","enumName":"TURKMENISTAN"},{"iso2":"TC","iso3":"TCA","isoNumerical":"796","title":"Turks
        and Caicos Islands","gbifRegion":"LATIN_AMERICA","enumName":"TURKS_CAICOS_ISLANDS"},{"iso2":"TV","iso3":"TUV","isoNumerical":"798","title":"Tuvalu","gbifRegion":"OCEANIA","enumName":"TUVALU"},{"iso2":"UG","iso3":"UGA","isoNumerical":"800","title":"Uganda","gbifRegion":"AFRICA","enumName":"UGANDA"},{"iso2":"UA","iso3":"UKR","isoNumerical":"804","title":"Ukraine","gbifRegion":"EUROPE","enumName":"UKRAINE"},{"iso2":"AE","iso3":"ARE","isoNumerical":"784","title":"United
        Arab Emirates","gbifRegion":"ASIA","enumName":"UNITED_ARAB_EMIRATES"},{"iso2":"GB","iso3":"GBR","isoNumerical":"826","title":"United
        Kingdom of Great Britain and Northern Ireland","gbifRegion":"EUROPE","enumName":"UNITED_KINGDOM"},{"iso2":"US","iso3":"USA","isoNumerical":"840","title":"United
        States of America","gbifRegion":"NORTH_AMERICA","enumName":"UNITED_STATES"},{"iso2":"UM","iso3":"UMI","isoNumerical":"581","title":"United
        States Minor Outlying Islands","gbifRegion":"OCEANIA","enumName":"UNITED_STATES_OUTLYING_ISLANDS"},{"iso2":"UY","iso3":"URY","isoNumerical":"858","title":"Uruguay","gbifRegion":"LATIN_AMERICA","enumName":"URUGUAY"},{"iso2":"UZ","iso3":"UZB","isoNumerical":"860","title":"Uzbekistan","gbifRegion":"EUROPE","enumName":"UZBEKISTAN"},{"iso2":"VU","iso3":"VUT","isoNumerical":"548","title":"Vanuatu","gbifRegion":"OCEANIA","enumName":"VANUATU"},{"iso2":"VE","iso3":"VEN","isoNumerical":"862","title":"Venezuela
        (Bolivarian Republic of)","gbifRegion":"LATIN_AMERICA","enumName":"VENEZUELA"},{"iso2":"VN","iso3":"VNM","isoNumerical":"704","title":"Viet
        Nam","gbifRegion":"ASIA","enumName":"VIETNAM"},{"iso2":"VG","iso3":"VGB","isoNumerical":"92","title":"Virgin
        Islands (British)","gbifRegion":"LATIN_AMERICA","enumName":"VIRGIN_ISLANDS_BRITISH"},{"iso2":"VI","iso3":"VIR","isoNumerical":"850","title":"Virgin
        Islands (U.S.)","gbifRegion":"LATIN_AMERICA","enumName":"VIRGIN_ISLANDS"},{"iso2":"WF","iso3":"WLF","isoNumerical":"876","title":"Wallis
        and Futuna","gbifRegion":"OCEANIA","enumName":"WALLIS_FUTUNA"},{"iso2":"EH","iso3":"ESH","isoNumerical":"732","title":"Western
        Sahara","gbifRegion":"AFRICA","enumName":"WESTERN_SAHARA"},{"iso2":"YE","iso3":"YEM","isoNumerical":"887","title":"Yemen","gbifRegion":"ASIA","enumName":"YEMEN"},{"iso2":"ZM","iso3":"ZMB","isoNumerical":"894","title":"Zambia","gbifRegion":"AFRICA","enumName":"ZAMBIA"},{"iso2":"ZW","iso3":"ZWE","isoNumerical":"716","title":"Zimbabwe","gbifRegion":"AFRICA","enumName":"ZIMBABWE"},{"iso2":"XK","iso3":"XKX","isoNumerical":"902","title":"Kosovo","gbifRegion":"EUROPE","enumName":"KOSOVO"}]'
  recorded_at: 2023-03-06 13:39:02 GMT
  recorded_with: vcr/1.2.0, webmockr/0.8.2
- request:
    method: get
    uri: https://api.gbif.org/v1/occurrence/counts/year?year=
    body:
      encoding: ''
      string: ''
    headers:
      Accept-Encoding: gzip, deflate
      Accept: application/json, text/xml, application/xml, */*
  response:
    status:
      status_code: '200'
      message: OK
      explanation: Request fulfilled, document follows
    headers:
      status: HTTP/1.1 200 OK
      content-type: application/json
    body:
      encoding: ''
      file: no
      string: '{"2021":230837763,"2020":206714616,"2019":172432056,"2018":154649375,"2017":130426240,"2016":116148614,"2015":102369647,"2014":91978520,"2013":77691762,"2012":69204690,"2011":56690235,"2010":52418314,"2009":48463806,"2022":44975953,"2008":39495144,"2007":38016747,"2006":31667234,"2005":29209003,"2004":26024697,"2003":23639398,"2002":22113075,"2001":20751662,"2000":20026306,"1999":19219241,"1998":16126058,"1997":15761847,"1995":15042469,"1996":14869182,"1994":13136867,"1993":12971983,"1992":12768321,"1990":12624570,"1991":11864770,"1987":11812586,"1988":11309682,"1989":10394321,"1986":9975048,"1985":9590498,"1984":8954502,"1980":8639181,"1983":7900608,"1982":7639617,"1981":7438688,"1978":7104965,"1979":6955250,"1977":6169557,"1976":5510172,"1975":4972531,"1972":4715060,"1974":4703816,"1970":4664872,"1973":4545453,"1971":3976192,"1968":3940572,"1969":3622621,"1967":3474070,"1965":3417644,"1966":3405467,"1964":3281566,"1960":2927258,"1963":2901965,"1962":2415458,"1961":2365873,"2023":2258629,"1959":2179944,"1950":2173363,"1958":2141884,"1957":1956209,"1945":1817649,"1956":1664662,"1955":1514237,"1953":1459958,"1951":1437585,"1954":1427191,"1952":1400859,"1938":1331203,"1930":1309510,"1937":1309068,"1940":1274149,"1936":1252348,"1949":1251160,"1934":1231722,"1948":1230549,"1939":1202101,"1935":1199358,"1932":1116865,"1931":1103719,"1947":1046745,"1933":1017529,"1946":903818,"1929":895980,"1941":862797,"1928":800548,"1920":773950,"1927":738942,"1942":729583,"1944":702732,"1926":686079,"1908":662446,"1900":659869,"1925":654788,"1913":629836,"1909":624263,"1901":619487,"1903":602625,"1910":601616,"1905":594133,"1922":581433,"1943":579706,"1915":577232,"1924":576297,"1906":569132,"1904":567850,"1902":567677,"1912":567381,"1914":560147,"1916":551540,"1923":549267,"1911":540554,"1921":525819,"1917":518046,"1907":515504,"1918":482040,"1800":478563,"1919":467397,"1897":425898,"1899":419792,"1894":411305,"1896":403423,"1898":402694,"1895":370244,"1892":351859,"1893":332965,"1890":311686,"1889":305813,"1891":305679,"1885":270902,"1888":261090,"1886":253772,"1887":253486,"1884":236689,"1882":208002,"1880":206765,"1883":206022,"1879":178617,"1881":170003,"1878":137503,"1860":136780,"1875":134844,"1874":131516,"1877":130046,"1873":126367,"1876":124077,"1844":119667,"1872":119484,"1865":113416,"1850":108351,"1600":103164,"1870":100522,"1867":100000,"1868":98412,"1861":95646,"1866":90516,"1869":88415,"1871":87321,"1864":83698,"1849":83049,"1862":78206,"1859":71266,"1863":70739,"1837":68189,"1853":66045,"1854":64500,"1845":62967,"1856":60429,"1851":60061,"1838":60010,"1855":59475,"1857":59280,"1852":58583,"1840":58528,"1858":51393,"1847":50782,"1841":47686,"1842":46595,"1830":43343,"1839":43020,"1843":42228,"1846":41327,"1816":40803,"1785":38206,"1750":37976,"1848":37248,"1836":36882,"1833":31109,"1820":27976,"1835":27392,"1818":25548,"1829":23949,"1832":22198,"1834":21788,"1770":21550,"1827":20970,"1831":19653,"1828":19235,"1670":18635,"1826":18040,"1825":17906,"1629":16833,"1824":13839,"1822":12813,"1821":11023,"1823":10371,"1814":9963,"1802":9566,"1700":9479,"1797":8845,"1790":8229,"1650":7286,"1817":7027,"1758":6668,"1819":6609,"1801":6593,"1815":6193,"1793":6090,"1810":5646,"1799":5520,"1786":5363,"1813":5357,"1808":5295,"1807":4523,"1805":4377,"1796":4327,"1803":4262,"1804":4171,"1809":4083,"1812":3797,"1787":3673,"1788":3331,"1792":3257,"1806":3084,"1727":2966,"1798":2939,"1780":2851,"1663":2783,"1811":2714,"1778":2705,"1720":2640,"1745":2510,"1775":2054,"1736":2037,"1795":1943,"1789":1863,"1762":1846,"1791":1749,"1767":1705,"1757":1651,"1769":1610,"1794":1511,"1783":1441,"1761":1437,"1635":1408,"1683":1407,"1779":1078,"1776":1063,"1693":1051,"1601":975,"1698":969,"1774":943,"1772":934,"1782":932,"1732":902,"1744":887,"1784":798,"1773":784,"1777":721,"1708":715,"1715":655,"1781":600,"1768":571,"1764":563,"1743":505,"1747":487,"1655":482,"1765":453,"1748":439,"1755":415,"1771":367,"1738":340,"1753":315,"1701":275,"1730":257,"1731":250,"1674":250,"1766":249,"1760":234,"1763":222,"1678":216,"1706":201,"1751":191,"1660":187,"1749":180,"1759":175,"1702":173,"1742":156,"1717":153,"1675":149,"1726":138,"1728":126,"1699":123,"1754":114,"1756":104,"1725":96,"1636":91,"1703":88,"1691":80,"1716":78,"1740":76,"1723":76,"1737":75,"1687":75,"1741":74,"1712":74,"1690":70,"1752":68,"1729":68,"1639":67,"1734":66,"1746":63,"1733":63,"1696":63,"1735":62,"1697":57,"1651":57,"1656":56,"1710":55,"1707":55,"1695":54,"1705":53,"1709":52,"1677":51,"1659":51,"1739":50,"1724":48,"1692":48,"1676":48,"1719":47,"1711":47,"1722":45,"1704":45,"1669":45,"1721":43,"1662":43,"1694":42,"1718":41,"1713":41,"1665":41,"1654":41,"1684":38,"1714":37,"1681":37,"1680":37,"1666":37,"1664":37,"1632":35,"1688":34,"1646":32,"1634":32,"1633":32,"1606":32,"1689":31,"1682":30,"1667":30,"1637":30,"1661":29,"1657":29,"1648":29,"1640":29,"1617":29,"1612":29,"1671":28,"1653":28,"1641":28,"1626":28,"1620":28,"1616":28,"1685":27,"1668":27,"1645":27,"1642":27,"1627":27,"1623":27,"1672":26,"1658":26,"1652":26,"1630":26,"1613":26,"1609":26,"1608":26,"1673":25,"1611":25,"1603":25,"1649":24,"1625":24,"1619":24,"1686":23,"1643":23,"1614":23,"1610":23,"1631":22,"1628":22,"1618":22,"1607":22,"1604":22,"1602":22,"1644":21,"1638":21,"1621":21,"1605":21,"1679":20,"1647":20,"1624":20,"1615":20,"1622":19}'
  recorded_at: 2023-03-06 13:39:02 GMT
  recorded_with: vcr/1.2.0, webmockr/0.8.2
- request:
    method: get
    uri: https://api.gbif.org/v1/occurrence/counts/year?year=1990%2C2000
    body:
      encoding: ''
      string: ''
    headers:
      Accept-Encoding: gzip, deflate
      Accept: application/json, text/xml, application/xml, */*
  response:
    status:
      status_code: '200'
      message: OK
      explanation: Request fulfilled, document follows
    headers:
      status: HTTP/1.1 200 OK
      content-type: application/json
    body:
      encoding: ''
      file: no
      string: '{"2000":20027693,"1999":19220464,"1998":16127013,"1997":15762714,"1995":15043632,"1996":14870269,"1994":13138043,"1993":12973314,"1992":12769785,"1990":12625907,"1991":11866120}'
  recorded_at: 2023-03-06 13:39:02 GMT
  recorded_with: vcr/1.2.0, webmockr/0.8.2
- request:
    method: get
    uri: https://api.gbif.org/v1/occurrence/counts/basisOfRecord
    body:
      encoding: ''
      string: ''
    headers:
      Accept-Encoding: gzip, deflate
      Accept: application/json, text/xml, application/xml, */*
  response:
    status:
      status_code: '200'
      message: OK
      explanation: Request fulfilled, document follows
    headers:
      status: HTTP/1.1 200 OK
      content-type: application/json
    body:
      encoding: ''
      file: no
      string: '{"HUMAN_OBSERVATION":1967565545,"PRESERVED_SPECIMEN":215991191,"MATERIAL_SAMPLE":51421905,"OBSERVATION":23398982,"OCCURRENCE":20362561,"MACHINE_OBSERVATION":15203565,"FOSSIL_SPECIMEN":10098569,"MATERIAL_CITATION":3072821,"LIVING_SPECIMEN":1960662}'
  recorded_at: 2023-03-06 13:39:02 GMT
  recorded_with: vcr/1.2.0, webmockr/0.8.2
